../../../../../../../Drivers/STM32WLxx_HAL_Driver/Inc/stm32wlxx_ll_bus.h:449:22:LL_AHB2_GRP1_EnableClock	24	static
C:/Users/ttruong32/Documents/GitHub/STM32CubeWL/Drivers/BSP/STM32WLxx_Nucleo/stm32wlxx_nucleo.c:137:10:BSP_GetVersion	4	static
C:/Users/ttruong32/Documents/GitHub/STM32CubeWL/Drivers/BSP/STM32WLxx_Nucleo/stm32wlxx_nucleo.c:155:9:BSP_LED_Init	40	static
C:/Users/ttruong32/Documents/GitHub/STM32CubeWL/Drivers/BSP/STM32WLxx_Nucleo/stm32wlxx_nucleo.c:184:9:BSP_LED_DeInit	16	static
C:/Users/ttruong32/Documents/GitHub/STM32CubeWL/Drivers/BSP/STM32WLxx_Nucleo/stm32wlxx_nucleo.c:204:9:BSP_LED_On	16	static
C:/Users/ttruong32/Documents/GitHub/STM32CubeWL/Drivers/BSP/STM32WLxx_Nucleo/stm32wlxx_nucleo.c:220:9:BSP_LED_Off	16	static
C:/Users/ttruong32/Documents/GitHub/STM32CubeWL/Drivers/BSP/STM32WLxx_Nucleo/stm32wlxx_nucleo.c:236:9:BSP_LED_Toggle	16	static
C:/Users/ttruong32/Documents/GitHub/STM32CubeWL/Drivers/BSP/STM32WLxx_Nucleo/stm32wlxx_nucleo.c:252:9:BSP_LED_GetState	16	static
C:/Users/ttruong32/Documents/GitHub/STM32CubeWL/Drivers/BSP/STM32WLxx_Nucleo/stm32wlxx_nucleo.c:279:9:BSP_PB_Init	40	static
C:/Users/ttruong32/Documents/GitHub/STM32CubeWL/Drivers/BSP/STM32WLxx_Nucleo/stm32wlxx_nucleo.c:327:9:BSP_PB_DeInit	16	static
C:/Users/ttruong32/Documents/GitHub/STM32CubeWL/Drivers/BSP/STM32WLxx_Nucleo/stm32wlxx_nucleo.c:344:9:BSP_PB_GetState	16	static
C:/Users/ttruong32/Documents/GitHub/STM32CubeWL/Drivers/BSP/STM32WLxx_Nucleo/stm32wlxx_nucleo.c:354:6:BSP_PB_IRQHandler	16	static
C:/Users/ttruong32/Documents/GitHub/STM32CubeWL/Drivers/BSP/STM32WLxx_Nucleo/stm32wlxx_nucleo.c:368:13:BSP_PB_Callback	16	static
C:/Users/ttruong32/Documents/GitHub/STM32CubeWL/Drivers/BSP/STM32WLxx_Nucleo/stm32wlxx_nucleo.c:619:13:BUTTON_SW1_EXTI_Callback	8	static
C:/Users/ttruong32/Documents/GitHub/STM32CubeWL/Drivers/BSP/STM32WLxx_Nucleo/stm32wlxx_nucleo.c:628:13:BUTTON_SW2_EXTI_Callback	8	static
C:/Users/ttruong32/Documents/GitHub/STM32CubeWL/Drivers/BSP/STM32WLxx_Nucleo/stm32wlxx_nucleo.c:637:13:BUTTON_SW3_EXTI_Callback	8	static
