Archive member included to satisfy reference by file (symbol)

C:/ST/STM32CubeIDE_1.16.1/STM32CubeIDE/plugins/com.st.stm32cube.ide.mcu.externaltools.gnu-tools-for-stm32.12.3.rel1.win32_1.0.200.202406191623/tools/bin/../lib/gcc/arm-none-eabi/12.3.1/../../../../arm-none-eabi/lib/thumb/v7e-m/nofp\libc_nano.a(libc_a-exit.o)
                              C:/ST/STM32CubeIDE_1.16.1/STM32CubeIDE/plugins/com.st.stm32cube.ide.mcu.externaltools.gnu-tools-for-stm32.12.3.rel1.win32_1.0.200.202406191623/tools/bin/../lib/gcc/arm-none-eabi/12.3.1/../../../../arm-none-eabi/lib/thumb/v7e-m/nofp/crt0.o (exit)
C:/ST/STM32CubeIDE_1.16.1/STM32CubeIDE/plugins/com.st.stm32cube.ide.mcu.externaltools.gnu-tools-for-stm32.12.3.rel1.win32_1.0.200.202406191623/tools/bin/../lib/gcc/arm-none-eabi/12.3.1/../../../../arm-none-eabi/lib/thumb/v7e-m/nofp\libc_nano.a(libc_a-findfp.o)
                              C:/ST/STM32CubeIDE_1.16.1/STM32CubeIDE/plugins/com.st.stm32cube.ide.mcu.externaltools.gnu-tools-for-stm32.12.3.rel1.win32_1.0.200.202406191623/tools/bin/../lib/gcc/arm-none-eabi/12.3.1/../../../../arm-none-eabi/lib/thumb/v7e-m/nofp\libc_nano.a(libc_a-exit.o) (__stdio_exit_handler)
C:/ST/STM32CubeIDE_1.16.1/STM32CubeIDE/plugins/com.st.stm32cube.ide.mcu.externaltools.gnu-tools-for-stm32.12.3.rel1.win32_1.0.200.202406191623/tools/bin/../lib/gcc/arm-none-eabi/12.3.1/../../../../arm-none-eabi/lib/thumb/v7e-m/nofp\libc_nano.a(libc_a-fwalk.o)
                              C:/ST/STM32CubeIDE_1.16.1/STM32CubeIDE/plugins/com.st.stm32cube.ide.mcu.externaltools.gnu-tools-for-stm32.12.3.rel1.win32_1.0.200.202406191623/tools/bin/../lib/gcc/arm-none-eabi/12.3.1/../../../../arm-none-eabi/lib/thumb/v7e-m/nofp\libc_nano.a(libc_a-findfp.o) (_fwalk_sglue)
C:/ST/STM32CubeIDE_1.16.1/STM32CubeIDE/plugins/com.st.stm32cube.ide.mcu.externaltools.gnu-tools-for-stm32.12.3.rel1.win32_1.0.200.202406191623/tools/bin/../lib/gcc/arm-none-eabi/12.3.1/../../../../arm-none-eabi/lib/thumb/v7e-m/nofp\libc_nano.a(libc_a-printf.o)
                              ./Application/User/main.o (printf)
C:/ST/STM32CubeIDE_1.16.1/STM32CubeIDE/plugins/com.st.stm32cube.ide.mcu.externaltools.gnu-tools-for-stm32.12.3.rel1.win32_1.0.200.202406191623/tools/bin/../lib/gcc/arm-none-eabi/12.3.1/../../../../arm-none-eabi/lib/thumb/v7e-m/nofp\libc_nano.a(libc_a-stdio.o)
                              C:/ST/STM32CubeIDE_1.16.1/STM32CubeIDE/plugins/com.st.stm32cube.ide.mcu.externaltools.gnu-tools-for-stm32.12.3.rel1.win32_1.0.200.202406191623/tools/bin/../lib/gcc/arm-none-eabi/12.3.1/../../../../arm-none-eabi/lib/thumb/v7e-m/nofp\libc_nano.a(libc_a-findfp.o) (__sread)
C:/ST/STM32CubeIDE_1.16.1/STM32CubeIDE/plugins/com.st.stm32cube.ide.mcu.externaltools.gnu-tools-for-stm32.12.3.rel1.win32_1.0.200.202406191623/tools/bin/../lib/gcc/arm-none-eabi/12.3.1/../../../../arm-none-eabi/lib/thumb/v7e-m/nofp\libc_nano.a(libc_a-memset.o)
                              C:/ST/STM32CubeIDE_1.16.1/STM32CubeIDE/plugins/com.st.stm32cube.ide.mcu.externaltools.gnu-tools-for-stm32.12.3.rel1.win32_1.0.200.202406191623/tools/bin/../lib/gcc/arm-none-eabi/12.3.1/../../../../arm-none-eabi/lib/thumb/v7e-m/nofp/crt0.o (memset)
C:/ST/STM32CubeIDE_1.16.1/STM32CubeIDE/plugins/com.st.stm32cube.ide.mcu.externaltools.gnu-tools-for-stm32.12.3.rel1.win32_1.0.200.202406191623/tools/bin/../lib/gcc/arm-none-eabi/12.3.1/../../../../arm-none-eabi/lib/thumb/v7e-m/nofp\libc_nano.a(libc_a-closer.o)
                              C:/ST/STM32CubeIDE_1.16.1/STM32CubeIDE/plugins/com.st.stm32cube.ide.mcu.externaltools.gnu-tools-for-stm32.12.3.rel1.win32_1.0.200.202406191623/tools/bin/../lib/gcc/arm-none-eabi/12.3.1/../../../../arm-none-eabi/lib/thumb/v7e-m/nofp\libc_nano.a(libc_a-stdio.o) (_close_r)
C:/ST/STM32CubeIDE_1.16.1/STM32CubeIDE/plugins/com.st.stm32cube.ide.mcu.externaltools.gnu-tools-for-stm32.12.3.rel1.win32_1.0.200.202406191623/tools/bin/../lib/gcc/arm-none-eabi/12.3.1/../../../../arm-none-eabi/lib/thumb/v7e-m/nofp\libc_nano.a(libc_a-reent.o)
                              C:/ST/STM32CubeIDE_1.16.1/STM32CubeIDE/plugins/com.st.stm32cube.ide.mcu.externaltools.gnu-tools-for-stm32.12.3.rel1.win32_1.0.200.202406191623/tools/bin/../lib/gcc/arm-none-eabi/12.3.1/../../../../arm-none-eabi/lib/thumb/v7e-m/nofp\libc_nano.a(libc_a-closer.o) (errno)
C:/ST/STM32CubeIDE_1.16.1/STM32CubeIDE/plugins/com.st.stm32cube.ide.mcu.externaltools.gnu-tools-for-stm32.12.3.rel1.win32_1.0.200.202406191623/tools/bin/../lib/gcc/arm-none-eabi/12.3.1/../../../../arm-none-eabi/lib/thumb/v7e-m/nofp\libc_nano.a(libc_a-impure.o)
                              C:/ST/STM32CubeIDE_1.16.1/STM32CubeIDE/plugins/com.st.stm32cube.ide.mcu.externaltools.gnu-tools-for-stm32.12.3.rel1.win32_1.0.200.202406191623/tools/bin/../lib/gcc/arm-none-eabi/12.3.1/../../../../arm-none-eabi/lib/thumb/v7e-m/nofp\libc_nano.a(libc_a-printf.o) (_impure_ptr)
[...]
Memory Configuration

Name             Origin             Length             Attributes
RAM1             0x20000000         0x00008000         xrw
RAM2             0x20008000         0x00008000         xrw
ROM              0x08000000         0x00040000         xr
*default*        0x00000000         0xffffffff

Linker script and memory map

LOAD C:/ST/STM32CubeIDE_1.16.1/STM32CubeIDE/plugins/com.st.stm32cube.ide.mcu.externaltools.gnu-tools-for-stm32.12.3.rel1.win32_1.0.200.202406191623/tools/bin/../lib/gcc/arm-none-eabi/12.3.1/thumb/v7e-m/nofp/crti.o
LOAD C:/ST/STM32CubeIDE_1.16.1/STM32CubeIDE/plugins/com.st.stm32cube.ide.mcu.externaltools.gnu-tools-for-stm32.12.3.rel1.win32_1.0.200.202406191623/tools/bin/../lib/gcc/arm-none-eabi/12.3.1/thumb/v7e-m/nofp/crtbegin.o
LOAD C:/ST/STM32CubeIDE_1.16.1/STM32CubeIDE/plugins/com.st.stm32cube.ide.mcu.externaltools.gnu-tools-for-stm32.12.3.rel1.win32_1.0.200.202406191623/tools/bin/../lib/gcc/arm-none-eabi/12.3.1/../../../../arm-none-eabi/lib/thumb/v7e-m/nofp/crt0.o
LOAD ./Application/Startup/startup_stm32wl55jcix.o
LOAD ./Application/User/main.o
LOAD ./Application/User/stm32wlxx_hal_msp.o
LOAD ./Application/User/stm32wlxx_it.o
LOAD ./Application/User/syscalls.o
LOAD ./Application/User/sysmem.o
LOAD ./Drivers/BSP/STM32WLxx_Nucleo/stm32wlxx_nucleo.o
LOAD ./Drivers/CMSIS/system_stm32wlxx.o
LOAD ./Drivers/STM32WLxx_HAL_Driver/stm32wlxx_hal.o
LOAD ./Drivers/STM32WLxx_HAL_Driver/stm32wlxx_hal_cortex.o
LOAD ./Drivers/STM32WLxx_HAL_Driver/stm32wlxx_hal_dma.o
LOAD ./Drivers/STM32WLxx_HAL_Driver/stm32wlxx_hal_dma_ex.o
LOAD ./Drivers/STM32WLxx_HAL_Driver/stm32wlxx_hal_exti.o
LOAD ./Drivers/STM32WLxx_HAL_Driver/stm32wlxx_hal_flash.o
LOAD ./Drivers/STM32WLxx_HAL_Driver/stm32wlxx_hal_flash_ex.o
LOAD ./Drivers/STM32WLxx_HAL_Driver/stm32wlxx_hal_gpio.o
LOAD ./Drivers/STM32WLxx_HAL_Driver/stm32wlxx_hal_pwr.o
LOAD ./Drivers/STM32WLxx_HAL_Driver/stm32wlxx_hal_pwr_ex.o
LOAD ./Drivers/STM32WLxx_HAL_Driver/stm32wlxx_hal_rcc.o
LOAD ./Drivers/STM32WLxx_HAL_Driver/stm32wlxx_hal_rcc_ex.o
LOAD ./Drivers/STM32WLxx_HAL_Driver/stm32wlxx_hal_subghz.o
LOAD ./Drivers/STM32WLxx_HAL_Driver/stm32wlxx_hal_tim.o
LOAD ./Drivers/STM32WLxx_HAL_Driver/stm32wlxx_hal_tim_ex.o
START GROUP
LOAD C:/ST/STM32CubeIDE_1.16.1/STM32CubeIDE/plugins/com.st.stm32cube.ide.mcu.externaltools.gnu-tools-for-stm32.12.3.rel1.win32_1.0.200.202406191623/tools/bin/../lib/gcc/arm-none-eabi/12.3.1/../../../../arm-none-eabi/lib/thumb/v7e-m/nofp\libc_nano.a
LOAD C:/ST/STM32CubeIDE_1.16.1/STM32CubeIDE/plugins/com.st.stm32cube.ide.mcu.externaltools.gnu-tools-for-stm32.12.3.rel1.win32_1.0.200.202406191623/tools/bin/../lib/gcc/arm-none-eabi/12.3.1/../../../../arm-none-eabi/lib/thumb/v7e-m/nofp\libm.a
END GROUP
START GROUP
LOAD C:/ST/STM32CubeIDE_1.16.1/STM32CubeIDE/plugins/com.st.stm32cube.ide.mcu.externaltools.gnu-tools-for-stm32.12.3.rel1.win32_1.0.200.202406191623/tools/bin/../lib/gcc/arm-none-eabi/12.3.1/thumb/v7e-m/nofp\libgcc.a
LOAD C:/ST/STM32CubeIDE_1.16.1/STM32CubeIDE/plugins/com.st.stm32cube.ide.mcu.externaltools.gnu-tools-for-stm32.12.3.rel1.win32_1.0.200.202406191623/tools/bin/../lib/gcc/arm-none-eabi/12.3.1/../../../../arm-none-eabi/lib/thumb/v7e-m/nofp\libc_nano.a
END GROUP
START GROUP
LOAD C:/ST/STM32CubeIDE_1.16.1/STM32CubeIDE/plugins/com.st.stm32cube.ide.mcu.externaltools.gnu-tools-for-stm32.12.3.rel1.win32_1.0.200.202406191623/tools/bin/../lib/gcc/arm-none-eabi/12.3.1/thumb/v7e-m/nofp\libgcc.a
LOAD C:/ST/STM32CubeIDE_1.16.1/STM32CubeIDE/plugins/com.st.stm32cube.ide.mcu.externaltools.gnu-tools-for-stm32.12.3.rel1.win32_1.0.200.202406191623/tools/bin/../lib/gcc/arm-none-eabi/12.3.1/../../../../arm-none-eabi/lib/thumb/v7e-m/nofp\libc_nano.a
LOAD C:/ST/STM32CubeIDE_1.16.1/STM32CubeIDE/plugins/com.st.stm32cube.ide.mcu.externaltools.gnu-tools-for-stm32.12.3.rel1.win32_1.0.200.202406191623/tools/bin/../lib/gcc/arm-none-eabi/12.3.1/../../../../arm-none-eabi/lib/thumb/v7e-m/nofp\libnosys.a
END GROUP
START GROUP
LOAD C:/ST/STM32CubeIDE_1.16.1/STM32CubeIDE/plugins/com.st.stm32cube.ide.mcu.externaltools.gnu-tools-for-stm32.12.3.rel1.win32_1.0.200.202406191623/tools/bin/../lib/gcc/arm-none-eabi/12.3.1/thumb/v7e-m/nofp\libgcc.a
LOAD C:/ST/STM32CubeIDE_1.16.1/STM32CubeIDE/plugins/com.st.stm32cube.ide.mcu.externaltools.gnu-tools-for-stm32.12.3.rel1.win32_1.0.200.202406191623/tools/bin/../lib/gcc/arm-none-eabi/12.3.1/../../../../arm-none-eabi/lib/thumb/v7e-m/nofp\libc_nano.a
LOAD C:/ST/STM32CubeIDE_1.16.1/STM32CubeIDE/plugins/com.st.stm32cube.ide.mcu.externaltools.gnu-tools-for-stm32.12.3.rel1.win32_1.0.200.202406191623/tools/bin/../lib/gcc/arm-none-eabi/12.3.1/../../../../arm-none-eabi/lib/thumb/v7e-m/nofp\libnosys.a
END GROUP
LOAD C:/ST/STM32CubeIDE_1.16.1/STM32CubeIDE/plugins/com.st.stm32cube.ide.mcu.externaltools.gnu-tools-for-stm32.12.3.rel1.win32_1.0.200.202406191623/tools/bin/../lib/gcc/arm-none-eabi/12.3.1/thumb/v7e-m/nofp/crtend.o
LOAD C:/ST/STM32CubeIDE_1.16.1/STM32CubeIDE/plugins/com.st.stm32cube.ide.mcu.externaltools.gnu-tools-for-stm32.12.3.rel1.win32_1.0.200.202406191623/tools/bin/../lib/gcc/arm-none-eabi/12.3.1/thumb/v7e-m/nofp/crtn.o
                0x20008000                        _estack = (ORIGIN (RAM1) + LENGTH (RAM1))
                0x00000200                        _Min_Heap_Size = 0x200
                0x00000400                        _Min_Stack_Size = 0x400

.isr_vector     0x08000000      0x138
                0x08000000                        . = ALIGN (0x4)
 *(.isr_vector)
 .isr_vector    0x08000000      0x138 ./Application/Startup/startup_stm32wl55jcix.o
                0x08000000                g_pfnVectors
                0x08000138                        . = ALIGN (0x4)

.text           0x08000140     0x32e0
                0x08000140                        . = ALIGN (0x4)
 *(.text)
 .text          0x08000140       0x40 C:/ST/STM32CubeIDE_1.16.1/STM32CubeIDE/plugins/com.st.stm32cube.ide.mcu.externaltools.gnu-tools-for-stm32.12.3.rel1.win32_1.0.200.202406191623/tools/bin/../lib/gcc/arm-none-eabi/12.3.1/thumb/v7e-m/nofp/crtbegin.o
 .text          0x08000180       0xa0 C:/ST/STM32CubeIDE_1.16.1/STM32CubeIDE/plugins/com.st.stm32cube.ide.mcu.externaltools.gnu-tools-for-stm32.12.3.rel1.win32_1.0.200.202406191623/tools/bin/../lib/gcc/arm-none-eabi/12.3.1/../../../../arm-none-eabi/lib/thumb/v7e-m/nofp\libc_nano.a(libc_a-memchr.o)
                0x08000180                memchr
 *(.text*)
 .text.Reset_Handler
                0x08000220       0x50 ./Application/Startup/startup_stm32wl55jcix.o
                0x08000220                Reset_Handler
 .text.Default_Handler
                0x08000270        0x2 ./Application/Startup/startup_stm32wl55jcix.o
                0x08000270                RTC_Alarm_IRQHandler
                0x08000270                EXTI2_IRQHandler
                0x08000270                TIM1_CC_IRQHandler
                0x08000270                EXTI3_IRQHandler
                0x08000270                LPTIM2_IRQHandler
                0x08000270                I2C3_ER_IRQHandler
                0x08000270                LPTIM3_IRQHandler
                0x08000270                EXTI0_IRQHandler
                0x08000270                I2C2_EV_IRQHandler
                0x08000270                TAMP_STAMP_LSECSS_SSRU_IRQHandler
                0x08000270                SPI1_IRQHandler
                0x08000270                DMA2_Channel2_IRQHandler
                0x08000270                DMA1_Channel4_IRQHandler
                0x08000270                PKA_IRQHandler
                0x08000270                TIM17_IRQHandler
                0x08000270                DMA1_Channel7_IRQHandler
                0x08000270                SUBGHZSPI_IRQHandler
                0x08000270                IPCC_C1_TX_IRQHandler
                0x08000270                DMA2_Channel1_IRQHandler
                0x08000270                I2C1_EV_IRQHandler
                0x08000270                SUBGHZ_Radio_IRQHandler
                0x08000270                DMAMUX1_OVR_IRQHandler
                0x08000270                DMA1_Channel6_IRQHandler
                0x08000270                TIM16_IRQHandler
                0x08000270                DMA2_Channel4_IRQHandler
                0x08000270                RCC_IRQHandler
                0x08000270                TIM1_TRG_COM_IRQHandler
                0x08000270                DMA1_Channel1_IRQHandler
                0x08000270                Default_Handler
                0x08000270                DMA2_Channel7_IRQHandler
                0x08000270                EXTI15_10_IRQHandler
                0x08000270                IPCC_C1_RX_IRQHandler
                0x08000270                ADC_IRQHandler
                0x08000270                C2SEV_PWR_C2H_IRQHandler
                0x08000270                I2C3_EV_IRQHandler
                0x08000270                EXTI9_5_IRQHandler
                0x08000270                RTC_WKUP_IRQHandler
                0x08000270                PVD_PVM_IRQHandler
                0x08000270                SPI2_IRQHandler
                0x08000270                DMA2_Channel5_IRQHandler
                0x08000270                DMA1_Channel5_IRQHandler
                0x08000270                EXTI4_IRQHandler
                0x08000270                RNG_IRQHandler
                0x08000270                DMA1_Channel3_IRQHandler
                0x08000270                COMP_IRQHandler
                0x08000270                HSEM_IRQHandler
                0x08000270                TIM1_UP_IRQHandler
                0x08000270                WWDG_IRQHandler
                0x08000270                LPUART1_IRQHandler
                0x08000270                DMA2_Channel6_IRQHandler
                0x08000270                TIM2_IRQHandler
                0x08000270                TIM1_BRK_IRQHandler
                0x08000270                DAC_IRQHandler
                0x08000270                EXTI1_IRQHandler
                0x08000270                AES_IRQHandler
                0x08000270                USART2_IRQHandler
                0x08000270                I2C2_ER_IRQHandler
                0x08000270                DMA1_Channel2_IRQHandler
                0x08000270                FLASH_IRQHandler
                0x08000270                USART1_IRQHandler
                0x08000270                I2C1_ER_IRQHandler
                0x08000270                LPTIM1_IRQHandler
                0x08000270                DMA2_Channel3_IRQHandler
 *fill*         0x08000272        0x2 
 .text.main     0x08000274       0x5c ./Application/User/main.o
                0x08000274                main
 .text.SystemClock_Config
                0x080002d0       0xa4 ./Application/User/main.o
                0x080002d0                SystemClock_Config
 .text.MX_SUBGHZ_Init
                0x08000374       0x24 ./Application/User/main.o
 .text.Error_Handler
                0x08000398       0x1c ./Application/User/main.o
                0x08000398                Error_Handler
 .text.InitTx   0x080003b4      0x234 ./Application/User/main.o
                0x080003b4                InitTx
 .text.InfiniteTx
                0x080005e8      0x1a8 ./Application/User/main.o
                0x080005e8                InfiniteTx
 .text.LL_RCC_HSE_EnableTcxo
                0x08000790       0x1c ./Application/User/stm32wlxx_hal_msp.o
 .text.LL_RCC_HSE_Enable
                0x080007ac       0x1c ./Application/User/stm32wlxx_hal_msp.o
 .text.LL_RCC_HSE_IsReady
                0x080007c8       0x22 ./Application/User/stm32wlxx_hal_msp.o
 .text.LL_APB3_GRP1_EnableClock
                0x080007ea       0x30 ./Application/User/stm32wlxx_hal_msp.o
 .text.HAL_MspInit
                0x0800081a        0xc ./Application/User/stm32wlxx_hal_msp.o
                0x0800081a                HAL_MspInit
 .text.HAL_SUBGHZ_MspInit
                0x08000826       0x2c ./Application/User/stm32wlxx_hal_msp.o
                0x08000826                HAL_SUBGHZ_MspInit
 .text.NMI_Handler
                0x08000852        0xc ./Application/User/stm32wlxx_it.o
                0x08000852                NMI_Handler
 .text.HardFault_Handler
                0x0800085e        0x8 ./Application/User/stm32wlxx_it.o
                0x0800085e                HardFault_Handler
 .text.MemManage_Handler
                0x08000866        0x8 ./Application/User/stm32wlxx_it.o
                0x08000866                MemManage_Handler
 .text.BusFault_Handler
                0x0800086e        0x8 ./Application/User/stm32wlxx_it.o
                0x0800086e                BusFault_Handler
 .text.UsageFault_Handler
                0x08000876        0x8 ./Application/User/stm32wlxx_it.o
                0x08000876                UsageFault_Handler
 .text.SVC_Handler
                0x0800087e        0xc ./Application/User/stm32wlxx_it.o
                0x0800087e                SVC_Handler
 .text.DebugMon_Handler
                0x0800088a        0xc ./Application/User/stm32wlxx_it.o
                0x0800088a                DebugMon_Handler
 .text.PendSV_Handler
                0x08000896        0xc ./Application/User/stm32wlxx_it.o
                0x08000896                PendSV_Handler
 .text.SysTick_Handler
                0x080008a2        0xc ./Application/User/stm32wlxx_it.o
                0x080008a2                SysTick_Handler
 .text._read    0x080008ae       0x3a ./Application/User/syscalls.o
                0x080008ae                _read
 .text._write   0x080008e8       0x38 ./Application/User/syscalls.o
                0x080008e8                _write
 .text._close   0x08000920       0x16 ./Application/User/syscalls.o
                0x08000920                _close
 .text._fstat   0x08000936       0x1e ./Application/User/syscalls.o
                0x08000936                _fstat
 .text._isatty  0x08000954       0x14 ./Application/User/syscalls.o
                0x08000954                _isatty
 .text._lseek   0x08000968       0x18 ./Application/User/syscalls.o
                0x08000968                _lseek
 .text._sbrk    0x08000980       0x6c ./Application/User/sysmem.o
                0x08000980                _sbrk
 .text.SystemInit
                0x080009ec        0xc ./Drivers/CMSIS/system_stm32wlxx.o
                0x080009ec                SystemInit
 .text.HAL_Init
                0x080009f8       0x40 ./Drivers/STM32WLxx_HAL_Driver/stm32wlxx_hal.o
                0x080009f8                HAL_Init
 .text.HAL_InitTick
                0x08000a38       0x74 ./Drivers/STM32WLxx_HAL_Driver/stm32wlxx_hal.o
                0x08000a38                HAL_InitTick
 .text.HAL_IncTick
                0x08000aac       0x24 ./Drivers/STM32WLxx_HAL_Driver/stm32wlxx_hal.o
                0x08000aac                HAL_IncTick
 .text.HAL_GetTick
                0x08000ad0       0x14 ./Drivers/STM32WLxx_HAL_Driver/stm32wlxx_hal.o
                0x08000ad0                HAL_GetTick
 .text.HAL_Delay
                0x08000ae4       0x48 ./Drivers/STM32WLxx_HAL_Driver/stm32wlxx_hal.o
                0x08000ae4                HAL_Delay
 .text.__NVIC_SetPriorityGrouping
                0x08000b2c       0x48 ./Drivers/STM32WLxx_HAL_Driver/stm32wlxx_hal_cortex.o
 .text.__NVIC_GetPriorityGrouping
                0x08000b74       0x1c ./Drivers/STM32WLxx_HAL_Driver/stm32wlxx_hal_cortex.o
 .text.__NVIC_SetPriority
                0x08000b90       0x54 ./Drivers/STM32WLxx_HAL_Driver/stm32wlxx_hal_cortex.o
 .text.NVIC_EncodePriority
                0x08000be4       0x64 ./Drivers/STM32WLxx_HAL_Driver/stm32wlxx_hal_cortex.o
 .text.SysTick_Config
                0x08000c48       0x44 ./Drivers/STM32WLxx_HAL_Driver/stm32wlxx_hal_cortex.o
 .text.HAL_NVIC_SetPriorityGrouping
                0x08000c8c       0x16 ./Drivers/STM32WLxx_HAL_Driver/stm32wlxx_hal_cortex.o
                0x08000c8c                HAL_NVIC_SetPriorityGrouping
 .text.HAL_NVIC_SetPriority
                0x08000ca2       0x34 ./Drivers/STM32WLxx_HAL_Driver/stm32wlxx_hal_cortex.o
                0x08000ca2                HAL_NVIC_SetPriority
 .text.HAL_SYSTICK_Config
                0x08000cd6       0x18 ./Drivers/STM32WLxx_HAL_Driver/stm32wlxx_hal_cortex.o
                0x08000cd6                HAL_SYSTICK_Config
 *fill*         0x08000cee        0x2 
 .text.HAL_PWR_EnableBkUpAccess
                0x08000cf0       0x1c ./Drivers/STM32WLxx_HAL_Driver/stm32wlxx_hal_pwr.o
                0x08000cf0                HAL_PWR_EnableBkUpAccess
 .text.HAL_PWREx_GetVoltageRange
                0x08000d0c       0x18 ./Drivers/STM32WLxx_HAL_Driver/stm32wlxx_hal_pwr_ex.o
                0x08000d0c                HAL_PWREx_GetVoltageRange
 .text.LL_PWR_IsEnabledBkUpAccess
                0x08000d24       0x24 ./Drivers/STM32WLxx_HAL_Driver/stm32wlxx_hal_rcc.o
 .text.LL_RCC_HSE_EnableTcxo
                0x08000d48       0x1c ./Drivers/STM32WLxx_HAL_Driver/stm32wlxx_hal_rcc.o
 .text.LL_RCC_HSE_DisableTcxo
                0x08000d64       0x1c ./Drivers/STM32WLxx_HAL_Driver/stm32wlxx_hal_rcc.o
 .text.LL_RCC_HSE_IsEnabledDiv2
                0x08000d80       0x22 ./Drivers/STM32WLxx_HAL_Driver/stm32wlxx_hal_rcc.o
 .text.LL_RCC_HSE_Enable
                0x08000da2       0x1c ./Drivers/STM32WLxx_HAL_Driver/stm32wlxx_hal_rcc.o
 .text.LL_RCC_HSE_Disable
                0x08000dbe       0x1c ./Drivers/STM32WLxx_HAL_Driver/stm32wlxx_hal_rcc.o
 .text.LL_RCC_HSE_IsReady
                0x08000dda       0x22 ./Drivers/STM32WLxx_HAL_Driver/stm32wlxx_hal_rcc.o
 .text.LL_RCC_HSI_Enable
                0x08000dfc       0x1c ./Drivers/STM32WLxx_HAL_Driver/stm32wlxx_hal_rcc.o
 .text.LL_RCC_HSI_Disable
                0x08000e18       0x1c ./Drivers/STM32WLxx_HAL_Driver/stm32wlxx_hal_rcc.o
 .text.LL_RCC_HSI_IsReady
                0x08000e34       0x22 ./Drivers/STM32WLxx_HAL_Driver/stm32wlxx_hal_rcc.o
 .text.LL_RCC_HSI_SetCalibTrimming
                0x08000e56       0x28 ./Drivers/STM32WLxx_HAL_Driver/stm32wlxx_hal_rcc.o
 .text.LL_RCC_LSE_IsReady
                0x08000e7e       0x22 ./Drivers/STM32WLxx_HAL_Driver/stm32wlxx_hal_rcc.o
 .text.LL_RCC_LSI_Enable
                0x08000ea0       0x20 ./Drivers/STM32WLxx_HAL_Driver/stm32wlxx_hal_rcc.o
 .text.LL_RCC_LSI_Disable
                0x08000ec0       0x20 ./Drivers/STM32WLxx_HAL_Driver/stm32wlxx_hal_rcc.o
 .text.LL_RCC_LSI_IsReady
                0x08000ee0       0x22 ./Drivers/STM32WLxx_HAL_Driver/stm32wlxx_hal_rcc.o
 .text.LL_RCC_MSI_Enable
                0x08000f02       0x1c ./Drivers/STM32WLxx_HAL_Driver/stm32wlxx_hal_rcc.o
 .text.LL_RCC_MSI_Disable
                0x08000f1e       0x1c ./Drivers/STM32WLxx_HAL_Driver/stm32wlxx_hal_rcc.o
 .text.LL_RCC_MSI_IsReady
                0x08000f3a       0x20 ./Drivers/STM32WLxx_HAL_Driver/stm32wlxx_hal_rcc.o
 .text.LL_RCC_MSI_IsEnabledRangeSelect
                0x08000f5a       0x20 ./Drivers/STM32WLxx_HAL_Driver/stm32wlxx_hal_rcc.o
 .text.LL_RCC_MSI_GetRange
                0x08000f7a       0x16 ./Drivers/STM32WLxx_HAL_Driver/stm32wlxx_hal_rcc.o
 .text.LL_RCC_MSI_GetRangeAfterStandby
                0x08000f90       0x18 ./Drivers/STM32WLxx_HAL_Driver/stm32wlxx_hal_rcc.o
 .text.LL_RCC_MSI_SetCalibTrimming
                0x08000fa8       0x28 ./Drivers/STM32WLxx_HAL_Driver/stm32wlxx_hal_rcc.o
 .text.LL_RCC_SetSysClkSource
                0x08000fd0       0x26 ./Drivers/STM32WLxx_HAL_Driver/stm32wlxx_hal_rcc.o
 .text.LL_RCC_GetSysClkSource
                0x08000ff6       0x16 ./Drivers/STM32WLxx_HAL_Driver/stm32wlxx_hal_rcc.o
 .text.LL_RCC_SetAHBPrescaler
                0x0800100c       0x26 ./Drivers/STM32WLxx_HAL_Driver/stm32wlxx_hal_rcc.o
 .text.LL_C2_RCC_SetAHBPrescaler
                0x08001032       0x2a ./Drivers/STM32WLxx_HAL_Driver/stm32wlxx_hal_rcc.o
 .text.LL_RCC_SetAHB3Prescaler
                0x0800105c       0x2c ./Drivers/STM32WLxx_HAL_Driver/stm32wlxx_hal_rcc.o
 .text.LL_RCC_SetAPB1Prescaler
                0x08001088       0x26 ./Drivers/STM32WLxx_HAL_Driver/stm32wlxx_hal_rcc.o
 .text.LL_RCC_SetAPB2Prescaler
                0x080010ae       0x26 ./Drivers/STM32WLxx_HAL_Driver/stm32wlxx_hal_rcc.o
 .text.LL_RCC_GetAHBPrescaler
                0x080010d4       0x16 ./Drivers/STM32WLxx_HAL_Driver/stm32wlxx_hal_rcc.o
 .text.LL_RCC_GetAHB3Prescaler
                0x080010ea       0x1a ./Drivers/STM32WLxx_HAL_Driver/stm32wlxx_hal_rcc.o
 .text.LL_RCC_PLL_Enable
                0x08001104       0x1c ./Drivers/STM32WLxx_HAL_Driver/stm32wlxx_hal_rcc.o
 .text.LL_RCC_PLL_Disable
                0x08001120       0x1c ./Drivers/STM32WLxx_HAL_Driver/stm32wlxx_hal_rcc.o
 .text.LL_RCC_PLL_IsReady
                0x0800113c       0x22 ./Drivers/STM32WLxx_HAL_Driver/stm32wlxx_hal_rcc.o
 .text.LL_RCC_PLL_GetN
                0x0800115e       0x18 ./Drivers/STM32WLxx_HAL_Driver/stm32wlxx_hal_rcc.o
 .text.LL_RCC_PLL_GetR
                0x08001176       0x16 ./Drivers/STM32WLxx_HAL_Driver/stm32wlxx_hal_rcc.o
 .text.LL_RCC_PLL_GetDivider
                0x0800118c       0x16 ./Drivers/STM32WLxx_HAL_Driver/stm32wlxx_hal_rcc.o
 .text.LL_RCC_PLL_GetMainSource
                0x080011a2       0x16 ./Drivers/STM32WLxx_HAL_Driver/stm32wlxx_hal_rcc.o
 .text.LL_RCC_IsActiveFlag_HPRE
                0x080011b8       0x22 ./Drivers/STM32WLxx_HAL_Driver/stm32wlxx_hal_rcc.o
 .text.LL_RCC_IsActiveFlag_C2HPRE
                0x080011da       0x24 ./Drivers/STM32WLxx_HAL_Driver/stm32wlxx_hal_rcc.o
 .text.LL_RCC_IsActiveFlag_SHDHPRE
                0x080011fe       0x24 ./Drivers/STM32WLxx_HAL_Driver/stm32wlxx_hal_rcc.o
 .text.LL_RCC_IsActiveFlag_PPRE1
                0x08001222       0x22 ./Drivers/STM32WLxx_HAL_Driver/stm32wlxx_hal_rcc.o
 .text.LL_RCC_IsActiveFlag_PPRE2
                0x08001244       0x22 ./Drivers/STM32WLxx_HAL_Driver/stm32wlxx_hal_rcc.o
 *fill*         0x08001266        0x2 
 .text.HAL_RCC_OscConfig
                0x08001268      0x704 ./Drivers/STM32WLxx_HAL_Driver/stm32wlxx_hal_rcc.o
                0x08001268                HAL_RCC_OscConfig
 .text.HAL_RCC_ClockConfig
                0x0800196c      0x284 ./Drivers/STM32WLxx_HAL_Driver/stm32wlxx_hal_rcc.o
                0x0800196c                HAL_RCC_ClockConfig
 .text.HAL_RCC_GetSysClockFreq
                0x08001bf0      0x140 ./Drivers/STM32WLxx_HAL_Driver/stm32wlxx_hal_rcc.o
                0x08001bf0                HAL_RCC_GetSysClockFreq
 .text.HAL_RCC_GetHCLKFreq
                0x08001d30       0x28 ./Drivers/STM32WLxx_HAL_Driver/stm32wlxx_hal_rcc.o
                0x08001d30                HAL_RCC_GetHCLKFreq
 .text.RCC_SetFlashLatencyFromMSIRange
                0x08001d58       0x60 ./Drivers/STM32WLxx_HAL_Driver/stm32wlxx_hal_rcc.o
 .text.RCC_SetFlashLatency
                0x08001db8      0x104 ./Drivers/STM32WLxx_HAL_Driver/stm32wlxx_hal_rcc.o
 .text.LL_PWR_SetRadioBusyTrigger
                0x08001ebc       0x28 ./Drivers/STM32WLxx_HAL_Driver/stm32wlxx_hal_subghz.o
 .text.LL_PWR_UnselectSUBGHZSPI_NSS
                0x08001ee4       0x20 ./Drivers/STM32WLxx_HAL_Driver/stm32wlxx_hal_subghz.o
 .text.LL_PWR_SelectSUBGHZSPI_NSS
                0x08001f04       0x20 ./Drivers/STM32WLxx_HAL_Driver/stm32wlxx_hal_subghz.o
 .text.LL_PWR_ClearFlag_RFBUSY
                0x08001f24       0x18 ./Drivers/STM32WLxx_HAL_Driver/stm32wlxx_hal_subghz.o
 .text.LL_PWR_IsActiveFlag_RFBUSYS
                0x08001f3c       0x24 ./Drivers/STM32WLxx_HAL_Driver/stm32wlxx_hal_subghz.o
 .text.LL_PWR_IsActiveFlag_RFBUSYMS
                0x08001f60       0x24 ./Drivers/STM32WLxx_HAL_Driver/stm32wlxx_hal_subghz.o
 .text.LL_RCC_RF_DisableReset
                0x08001f84       0x20 ./Drivers/STM32WLxx_HAL_Driver/stm32wlxx_hal_subghz.o
 .text.LL_RCC_IsRFUnderReset
                0x08001fa4       0x24 ./Drivers/STM32WLxx_HAL_Driver/stm32wlxx_hal_subghz.o
 .text.LL_EXTI_EnableIT_32_63
                0x08001fc8       0x28 ./Drivers/STM32WLxx_HAL_Driver/stm32wlxx_hal_subghz.o
 .text.HAL_SUBGHZ_Init
                0x08001ff0       0xc8 ./Drivers/STM32WLxx_HAL_Driver/stm32wlxx_hal_subghz.o
                0x08001ff0                HAL_SUBGHZ_Init
 .text.HAL_SUBGHZ_ExecSetCmd
                0x080020b8       0xbe ./Drivers/STM32WLxx_HAL_Driver/stm32wlxx_hal_subghz.o
                0x080020b8                HAL_SUBGHZ_ExecSetCmd
 .text.HAL_SUBGHZ_ExecGetCmd
                0x08002176       0xa8 ./Drivers/STM32WLxx_HAL_Driver/stm32wlxx_hal_subghz.o
                0x08002176                HAL_SUBGHZ_ExecGetCmd
 .text.HAL_SUBGHZ_WriteBuffer
                0x0800221e       0xa6 ./Drivers/STM32WLxx_HAL_Driver/stm32wlxx_hal_subghz.o
                0x0800221e                HAL_SUBGHZ_WriteBuffer
 .text.HAL_SUBGHZ_ReadBuffer
                0x080022c4       0xb0 ./Drivers/STM32WLxx_HAL_Driver/stm32wlxx_hal_subghz.o
                0x080022c4                HAL_SUBGHZ_ReadBuffer
 .text.SUBGHZSPI_Init
                0x08002374       0x40 ./Drivers/STM32WLxx_HAL_Driver/stm32wlxx_hal_subghz.o
                0x08002374                SUBGHZSPI_Init
 .text.SUBGHZSPI_Transmit
                0x080023b4       0xac ./Drivers/STM32WLxx_HAL_Driver/stm32wlxx_hal_subghz.o
                0x080023b4                SUBGHZSPI_Transmit
 .text.SUBGHZSPI_Receive
                0x08002460       0xb0 ./Drivers/STM32WLxx_HAL_Driver/stm32wlxx_hal_subghz.o
                0x08002460                SUBGHZSPI_Receive
 .text.SUBGHZ_CheckDeviceReady
                0x08002510       0x48 ./Drivers/STM32WLxx_HAL_Driver/stm32wlxx_hal_subghz.o
                0x08002510                SUBGHZ_CheckDeviceReady
 .text.SUBGHZ_WaitOnBusy
                0x08002558       0x5c ./Drivers/STM32WLxx_HAL_Driver/stm32wlxx_hal_subghz.o
                0x08002558                SUBGHZ_WaitOnBusy
 .text.std      0x080025b4       0x6c C:/ST/STM32CubeIDE_1.16.1/STM32CubeIDE/plugins/com.st.stm32cube.ide.mcu.externaltools.gnu-tools-for-stm32.12.3.rel1.win32_1.0.200.202406191623/tools/bin/../lib/gcc/arm-none-eabi/12.3.1/../../../../arm-none-eabi/lib/thumb/v7e-m/nofp\libc_nano.a(libc_a-findfp.o)
 .text.stdio_exit_handler
                0x08002620       0x18 C:/ST/STM32CubeIDE_1.16.1/STM32CubeIDE/plugins/com.st.stm32cube.ide.mcu.externaltools.gnu-tools-for-stm32.12.3.rel1.win32_1.0.200.202406191623/tools/bin/../lib/gcc/arm-none-eabi/12.3.1/../../../../arm-none-eabi/lib/thumb/v7e-m/nofp\libc_nano.a(libc_a-findfp.o)
 .text.cleanup_stdio
                0x08002638       0x40 C:/ST/STM32CubeIDE_1.16.1/STM32CubeIDE/plugins/com.st.stm32cube.ide.mcu.externaltools.gnu-tools-for-stm32.12.3.rel1.win32_1.0.200.202406191623/tools/bin/../lib/gcc/arm-none-eabi/12.3.1/../../../../arm-none-eabi/lib/thumb/v7e-m/nofp\libc_nano.a(libc_a-findfp.o)
 .text.global_stdio_init.part.0
                0x08002678       0x3c C:/ST/STM32CubeIDE_1.16.1/STM32CubeIDE/plugins/com.st.stm32cube.ide.mcu.externaltools.gnu-tools-for-stm32.12.3.rel1.win32_1.0.200.202406191623/tools/bin/../lib/gcc/arm-none-eabi/12.3.1/../../../../arm-none-eabi/lib/thumb/v7e-m/nofp\libc_nano.a(libc_a-findfp.o)
 .text.__sfp_lock_acquire
                0x080026b4        0xc C:/ST/STM32CubeIDE_1.16.1/STM32CubeIDE/plugins/com.st.stm32cube.ide.mcu.externaltools.gnu-tools-for-stm32.12.3.rel1.win32_1.0.200.202406191623/tools/bin/../lib/gcc/arm-none-eabi/12.3.1/../../../../arm-none-eabi/lib/thumb/v7e-m/nofp\libc_nano.a(libc_a-findfp.o)
                0x080026b4                __sfp_lock_acquire
 .text.__sfp_lock_release
                0x080026c0        0xc C:/ST/STM32CubeIDE_1.16.1/STM32CubeIDE/plugins/com.st.stm32cube.ide.mcu.externaltools.gnu-tools-for-stm32.12.3.rel1.win32_1.0.200.202406191623/tools/bin/../lib/gcc/arm-none-eabi/12.3.1/../../../../arm-none-eabi/lib/thumb/v7e-m/nofp\libc_nano.a(libc_a-findfp.o)
                0x080026c0                __sfp_lock_release
 .text.__sinit  0x080026cc       0x30 C:/ST/STM32CubeIDE_1.16.1/STM32CubeIDE/plugins/com.st.stm32cube.ide.mcu.externaltools.gnu-tools-for-stm32.12.3.rel1.win32_1.0.200.202406191623/tools/bin/../lib/gcc/arm-none-eabi/12.3.1/../../../../arm-none-eabi/lib/thumb/v7e-m/nofp\libc_nano.a(libc_a-findfp.o)
                0x080026cc                __sinit
 .text._fwalk_sglue
                0x080026fc       0x3c C:/ST/STM32CubeIDE_1.16.1/STM32CubeIDE/plugins/com.st.stm32cube.ide.mcu.externaltools.gnu-tools-for-stm32.12.3.rel1.win32_1.0.200.202406191623/tools/bin/../lib/gcc/arm-none-eabi/12.3.1/../../../../arm-none-eabi/lib/thumb/v7e-m/nofp\libc_nano.a(libc_a-fwalk.o)
                0x080026fc                _fwalk_sglue
 .text.printf   0x08002738       0x24 C:/ST/STM32CubeIDE_1.16.1/STM32CubeIDE/plugins/com.st.stm32cube.ide.mcu.externaltools.gnu-tools-for-stm32.12.3.rel1.win32_1.0.200.202406191623/tools/bin/../lib/gcc/arm-none-eabi/12.3.1/../../../../arm-none-eabi/lib/thumb/v7e-m/nofp\libc_nano.a(libc_a-printf.o)
                0x08002738                iprintf
                0x08002738                printf
 .text.__sread  0x0800275c       0x22 C:/ST/STM32CubeIDE_1.16.1/STM32CubeIDE/plugins/com.st.stm32cube.ide.mcu.externaltools.gnu-tools-for-stm32.12.3.rel1.win32_1.0.200.202406191623/tools/bin/../lib/gcc/arm-none-eabi/12.3.1/../../../../arm-none-eabi/lib/thumb/v7e-m/nofp\libc_nano.a(libc_a-stdio.o)
                0x0800275c                __sread
 .text.__swrite
                0x0800277e       0x38 C:/ST/STM32CubeIDE_1.16.1/STM32CubeIDE/plugins/com.st.stm32cube.ide.mcu.externaltools.gnu-tools-for-stm32.12.3.rel1.win32_1.0.200.202406191623/tools/bin/../lib/gcc/arm-none-eabi/12.3.1/../../../../arm-none-eabi/lib/thumb/v7e-m/nofp\libc_nano.a(libc_a-stdio.o)
                0x0800277e                __swrite
 .text.__sseek  0x080027b6       0x24 C:/ST/STM32CubeIDE_1.16.1/STM32CubeIDE/plugins/com.st.stm32cube.ide.mcu.externaltools.gnu-tools-for-stm32.12.3.rel1.win32_1.0.200.202406191623/tools/bin/../lib/gcc/arm-none-eabi/12.3.1/../../../../arm-none-eabi/lib/thumb/v7e-m/nofp\libc_nano.a(libc_a-stdio.o)
                0x080027b6                __sseek
 .text.__sclose
                0x080027da        0x8 C:/ST/STM32CubeIDE_1.16.1/STM32CubeIDE/plugins/com.st.stm32cube.ide.mcu.externaltools.gnu-tools-for-stm32.12.3.rel1.win32_1.0.200.202406191623/tools/bin/../lib/gcc/arm-none-eabi/12.3.1/../../../../arm-none-eabi/lib/thumb/v7e-m/nofp\libc_nano.a(libc_a-stdio.o)
                0x080027da                __sclose
 .text.memset   0x080027e2       0x10 C:/ST/STM32CubeIDE_1.16.1/STM32CubeIDE/plugins/com.st.stm32cube.ide.mcu.externaltools.gnu-tools-for-stm32.12.3.rel1.win32_1.0.200.202406191623/tools/bin/../lib/gcc/arm-none-eabi/12.3.1/../../../../arm-none-eabi/lib/thumb/v7e-m/nofp\libc_nano.a(libc_a-memset.o)
                0x080027e2                memset
 *fill*         0x080027f2        0x2 
 .text._close_r
                0x080027f4       0x20 C:/ST/STM32CubeIDE_1.16.1/STM32CubeIDE/plugins/com.st.stm32cube.ide.mcu.externaltools.gnu-tools-for-stm32.12.3.rel1.win32_1.0.200.202406191623/tools/bin/../lib/gcc/arm-none-eabi/12.3.1/../../../../arm-none-eabi/lib/thumb/v7e-m/nofp\libc_nano.a(libc_a-closer.o)
                0x080027f4                _close_r
 .text._lseek_r
                0x08002814       0x24 C:/ST/STM32CubeIDE_1.16.1/STM32CubeIDE/plugins/com.st.stm32cube.ide.mcu.externaltools.gnu-tools-for-stm32.12.3.rel1.win32_1.0.200.202406191623/tools/bin/../lib/gcc/arm-none-eabi/12.3.1/../../../../arm-none-eabi/lib/thumb/v7e-m/nofp\libc_nano.a(libc_a-lseekr.o)
                0x08002814                _lseek_r
 .text._read_r  0x08002838       0x24 C:/ST/STM32CubeIDE_1.16.1/STM32CubeIDE/plugins/com.st.stm32cube.ide.mcu.externaltools.gnu-tools-for-stm32.12.3.rel1.win32_1.0.200.202406191623/tools/bin/../lib/gcc/arm-none-eabi/12.3.1/../../../../arm-none-eabi/lib/thumb/v7e-m/nofp\libc_nano.a(libc_a-readr.o)
                0x08002838                _read_r
 .text._write_r
                0x0800285c       0x24 C:/ST/STM32CubeIDE_1.16.1/STM32CubeIDE/plugins/com.st.stm32cube.ide.mcu.externaltools.gnu-tools-for-stm32.12.3.rel1.win32_1.0.200.202406191623/tools/bin/../lib/gcc/arm-none-eabi/12.3.1/../../../../arm-none-eabi/lib/thumb/v7e-m/nofp\libc_nano.a(libc_a-writer.o)
                0x0800285c                _write_r
 .text.__errno  0x08002880        0xc C:/ST/STM32CubeIDE_1.16.1/STM32CubeIDE/plugins/com.st.stm32cube.ide.mcu.externaltools.gnu-tools-for-stm32.12.3.rel1.win32_1.0.200.202406191623/tools/bin/../lib/gcc/arm-none-eabi/12.3.1/../../../../arm-none-eabi/lib/thumb/v7e-m/nofp\libc_nano.a(libc_a-errno.o)
                0x08002880                __errno
 .text.__libc_init_array
                0x0800288c       0x48 C:/ST/STM32CubeIDE_1.16.1/STM32CubeIDE/plugins/com.st.stm32cube.ide.mcu.externaltools.gnu-tools-for-stm32.12.3.rel1.win32_1.0.200.202406191623/tools/bin/../lib/gcc/arm-none-eabi/12.3.1/../../../../arm-none-eabi/lib/thumb/v7e-m/nofp\libc_nano.a(libc_a-init.o)
                0x0800288c                __libc_init_array
 .text.__retarget_lock_init_recursive
                0x080028d4        0x2 C:/ST/STM32CubeIDE_1.16.1/STM32CubeIDE/plugins/com.st.stm32cube.ide.mcu.externaltools.gnu-tools-for-stm32.12.3.rel1.win32_1.0.200.202406191623/tools/bin/../lib/gcc/arm-none-eabi/12.3.1/../../../../arm-none-eabi/lib/thumb/v7e-m/nofp\libc_nano.a(libc_a-lock.o)
                0x080028d4                __retarget_lock_init_recursive
 .text.__retarget_lock_acquire_recursive
                0x080028d6        0x2 C:/ST/STM32CubeIDE_1.16.1/STM32CubeIDE/plugins/com.st.stm32cube.ide.mcu.externaltools.gnu-tools-for-stm32.12.3.rel1.win32_1.0.200.202406191623/tools/bin/../lib/gcc/arm-none-eabi/12.3.1/../../../../arm-none-eabi/lib/thumb/v7e-m/nofp\libc_nano.a(libc_a-lock.o)
                0x080028d6                __retarget_lock_acquire_recursive
 .text.__retarget_lock_release_recursive
                0x080028d8        0x2 C:/ST/STM32CubeIDE_1.16.1/STM32CubeIDE/plugins/com.st.stm32cube.ide.mcu.externaltools.gnu-tools-for-stm32.12.3.rel1.win32_1.0.200.202406191623/tools/bin/../lib/gcc/arm-none-eabi/12.3.1/../../../../arm-none-eabi/lib/thumb/v7e-m/nofp\libc_nano.a(libc_a-lock.o)
                0x080028d8                __retarget_lock_release_recursive
 *fill*         0x080028da        0x2 
 .text._free_r  0x080028dc       0x94 C:/ST/STM32CubeIDE_1.16.1/STM32CubeIDE/plugins/com.st.stm32cube.ide.mcu.externaltools.gnu-tools-for-stm32.12.3.rel1.win32_1.0.200.202406191623/tools/bin/../lib/gcc/arm-none-eabi/12.3.1/../../../../arm-none-eabi/lib/thumb/v7e-m/nofp\libc_nano.a(libc_a-freer.o)
                0x080028dc                _free_r
 .text.sbrk_aligned
                0x08002970       0x44 C:/ST/STM32CubeIDE_1.16.1/STM32CubeIDE/plugins/com.st.stm32cube.ide.mcu.externaltools.gnu-tools-for-stm32.12.3.rel1.win32_1.0.200.202406191623/tools/bin/../lib/gcc/arm-none-eabi/12.3.1/../../../../arm-none-eabi/lib/thumb/v7e-m/nofp\libc_nano.a(libc_a-mallocr.o)
 .text._malloc_r
                0x080029b4      0x100 C:/ST/STM32CubeIDE_1.16.1/STM32CubeIDE/plugins/com.st.stm32cube.ide.mcu.externaltools.gnu-tools-for-stm32.12.3.rel1.win32_1.0.200.202406191623/tools/bin/../lib/gcc/arm-none-eabi/12.3.1/../../../../arm-none-eabi/lib/thumb/v7e-m/nofp\libc_nano.a(libc_a-mallocr.o)
                0x080029b4                _malloc_r
 .text.__malloc_lock
                0x08002ab4        0xc C:/ST/STM32CubeIDE_1.16.1/STM32CubeIDE/plugins/com.st.stm32cube.ide.mcu.externaltools.gnu-tools-for-stm32.12.3.rel1.win32_1.0.200.202406191623/tools/bin/../lib/gcc/arm-none-eabi/12.3.1/../../../../arm-none-eabi/lib/thumb/v7e-m/nofp\libc_nano.a(libc_a-mlock.o)
                0x08002ab4                __malloc_lock
 .text.__malloc_unlock
                0x08002ac0        0xc C:/ST/STM32CubeIDE_1.16.1/STM32CubeIDE/plugins/com.st.stm32cube.ide.mcu.externaltools.gnu-tools-for-stm32.12.3.rel1.win32_1.0.200.202406191623/tools/bin/../lib/gcc/arm-none-eabi/12.3.1/../../../../arm-none-eabi/lib/thumb/v7e-m/nofp\libc_nano.a(libc_a-mlock.o)
                0x08002ac0                __malloc_unlock
 .text.__sfputc_r
                0x08002acc       0x2a C:/ST/STM32CubeIDE_1.16.1/STM32CubeIDE/plugins/com.st.stm32cube.ide.mcu.externaltools.gnu-tools-for-stm32.12.3.rel1.win32_1.0.200.202406191623/tools/bin/../lib/gcc/arm-none-eabi/12.3.1/../../../../arm-none-eabi/lib/thumb/v7e-m/nofp\libc_nano.a(libc_a-nano-vfprintf.o)
 .text.__sfputs_r
                0x08002af6       0x24 C:/ST/STM32CubeIDE_1.16.1/STM32CubeIDE/plugins/com.st.stm32cube.ide.mcu.externaltools.gnu-tools-for-stm32.12.3.rel1.win32_1.0.200.202406191623/tools/bin/../lib/gcc/arm-none-eabi/12.3.1/../../../../arm-none-eabi/lib/thumb/v7e-m/nofp\libc_nano.a(libc_a-nano-vfprintf.o)
                0x08002af6                __sfputs_r
 *fill*         0x08002b1a        0x2 
 .text._vfprintf_r
                0x08002b1c      0x230 C:/ST/STM32CubeIDE_1.16.1/STM32CubeIDE/plugins/com.st.stm32cube.ide.mcu.externaltools.gnu-tools-for-stm32.12.3.rel1.win32_1.0.200.202406191623/tools/bin/../lib/gcc/arm-none-eabi/12.3.1/../../../../arm-none-eabi/lib/thumb/v7e-m/nofp\libc_nano.a(libc_a-nano-vfprintf.o)
                0x08002b1c                _vfprintf_r
                0x08002b1c                _vfiprintf_r
 .text._printf_common
                0x08002d4c       0xda C:/ST/STM32CubeIDE_1.16.1/STM32CubeIDE/plugins/com.st.stm32cube.ide.mcu.externaltools.gnu-tools-for-stm32.12.3.rel1.win32_1.0.200.202406191623/tools/bin/../lib/gcc/arm-none-eabi/12.3.1/../../../../arm-none-eabi/lib/thumb/v7e-m/nofp\libc_nano.a(libc_a-nano-vfprintf_i.o)
                0x08002d4c                _printf_common
 *fill*         0x08002e26        0x2 
 .text._printf_i
                0x08002e28      0x240 C:/ST/STM32CubeIDE_1.16.1/STM32CubeIDE/plugins/com.st.stm32cube.ide.mcu.externaltools.gnu-tools-for-stm32.12.3.rel1.win32_1.0.200.202406191623/tools/bin/../lib/gcc/arm-none-eabi/12.3.1/../../../../arm-none-eabi/lib/thumb/v7e-m/nofp\libc_nano.a(libc_a-nano-vfprintf_i.o)
                0x08002e28                _printf_i
 .text.__sflush_r
                0x08003068      0x100 C:/ST/STM32CubeIDE_1.16.1/STM32CubeIDE/plugins/com.st.stm32cube.ide.mcu.externaltools.gnu-tools-for-stm32.12.3.rel1.win32_1.0.200.202406191623/tools/bin/../lib/gcc/arm-none-eabi/12.3.1/../../../../arm-none-eabi/lib/thumb/v7e-m/nofp\libc_nano.a(libc_a-fflush.o)
                0x08003068                __sflush_r
 .text._fflush_r
                0x08003168       0x50 C:/ST/STM32CubeIDE_1.16.1/STM32CubeIDE/plugins/com.st.stm32cube.ide.mcu.externaltools.gnu-tools-for-stm32.12.3.rel1.win32_1.0.200.202406191623/tools/bin/../lib/gcc/arm-none-eabi/12.3.1/../../../../arm-none-eabi/lib/thumb/v7e-m/nofp\libc_nano.a(libc_a-fflush.o)
                0x08003168                _fflush_r
 .text.__swbuf_r
                0x080031b8       0x7c C:/ST/STM32CubeIDE_1.16.1/STM32CubeIDE/plugins/com.st.stm32cube.ide.mcu.externaltools.gnu-tools-for-stm32.12.3.rel1.win32_1.0.200.202406191623/tools/bin/../lib/gcc/arm-none-eabi/12.3.1/../../../../arm-none-eabi/lib/thumb/v7e-m/nofp\libc_nano.a(libc_a-wbuf.o)
                0x080031b8                __swbuf_r
 .text.__swsetup_r
                0x08003234       0xac C:/ST/STM32CubeIDE_1.16.1/STM32CubeIDE/plugins/com.st.stm32cube.ide.mcu.externaltools.gnu-tools-for-stm32.12.3.rel1.win32_1.0.200.202406191623/tools/bin/../lib/gcc/arm-none-eabi/12.3.1/../../../../arm-none-eabi/lib/thumb/v7e-m/nofp\libc_nano.a(libc_a-wsetup.o)
                0x08003234                __swsetup_r
 .text._sbrk_r  0x080032e0       0x20 C:/ST/STM32CubeIDE_1.16.1/STM32CubeIDE/plugins/com.st.stm32cube.ide.mcu.externaltools.gnu-tools-for-stm32.12.3.rel1.win32_1.0.200.202406191623/tools/bin/../lib/gcc/arm-none-eabi/12.3.1/../../../../arm-none-eabi/lib/thumb/v7e-m/nofp\libc_nano.a(libc_a-sbrkr.o)
                0x080032e0                _sbrk_r
 .text.__swhatbuf_r
                0x08003300       0x4c C:/ST/STM32CubeIDE_1.16.1/STM32CubeIDE/plugins/com.st.stm32cube.ide.mcu.externaltools.gnu-tools-for-stm32.12.3.rel1.win32_1.0.200.202406191623/tools/bin/../lib/gcc/arm-none-eabi/12.3.1/../../../../arm-none-eabi/lib/thumb/v7e-m/nofp\libc_nano.a(libc_a-makebuf.o)
                0x08003300                __swhatbuf_r
 .text.__smakebuf_r
                0x0800334c       0x78 C:/ST/STM32CubeIDE_1.16.1/STM32CubeIDE/plugins/com.st.stm32cube.ide.mcu.externaltools.gnu-tools-for-stm32.12.3.rel1.win32_1.0.200.202406191623/tools/bin/../lib/gcc/arm-none-eabi/12.3.1/../../../../arm-none-eabi/lib/thumb/v7e-m/nofp\libc_nano.a(libc_a-makebuf.o)
                0x0800334c                __smakebuf_r
 .text._fstat_r
                0x080033c4       0x24 C:/ST/STM32CubeIDE_1.16.1/STM32CubeIDE/plugins/com.st.stm32cube.ide.mcu.externaltools.gnu-tools-for-stm32.12.3.rel1.win32_1.0.200.202406191623/tools/bin/../lib/gcc/arm-none-eabi/12.3.1/../../../../arm-none-eabi/lib/thumb/v7e-m/nofp\libc_nano.a(libc_a-fstatr.o)
                0x080033c4                _fstat_r
 .text._isatty_r
                0x080033e8       0x20 C:/ST/STM32CubeIDE_1.16.1/STM32CubeIDE/plugins/com.st.stm32cube.ide.mcu.externaltools.gnu-tools-for-stm32.12.3.rel1.win32_1.0.200.202406191623/tools/bin/../lib/gcc/arm-none-eabi/12.3.1/../../../../arm-none-eabi/lib/thumb/v7e-m/nofp\libc_nano.a(libc_a-isattyr.o)
                0x080033e8                _isatty_r
 *(.glue_7)
 .glue_7        0x08003408        0x0 linker stubs
 *(.glue_7t)
 .glue_7t       0x08003408        0x0 linker stubs
 *(.eh_frame)
 .eh_frame      0x08003408        0x0 C:/ST/STM32CubeIDE_1.16.1/STM32CubeIDE/plugins/com.st.stm32cube.ide.mcu.externaltools.gnu-tools-for-stm32.12.3.rel1.win32_1.0.200.202406191623/tools/bin/../lib/gcc/arm-none-eabi/12.3.1/thumb/v7e-m/nofp/crtbegin.o
 *(.init)
 .init          0x08003408        0x4 C:/ST/STM32CubeIDE_1.16.1/STM32CubeIDE/plugins/com.st.stm32cube.ide.mcu.externaltools.gnu-tools-for-stm32.12.3.rel1.win32_1.0.200.202406191623/tools/bin/../lib/gcc/arm-none-eabi/12.3.1/thumb/v7e-m/nofp/crti.o
                0x08003408                _init
 .init          0x0800340c        0x8 C:/ST/STM32CubeIDE_1.16.1/STM32CubeIDE/plugins/com.st.stm32cube.ide.mcu.externaltools.gnu-tools-for-stm32.12.3.rel1.win32_1.0.200.202406191623/tools/bin/../lib/gcc/arm-none-eabi/12.3.1/thumb/v7e-m/nofp/crtn.o
 *(.fini)
 .fini          0x08003414        0x4 C:/ST/STM32CubeIDE_1.16.1/STM32CubeIDE/plugins/com.st.stm32cube.ide.mcu.externaltools.gnu-tools-for-stm32.12.3.rel1.win32_1.0.200.202406191623/tools/bin/../lib/gcc/arm-none-eabi/12.3.1/thumb/v7e-m/nofp/crti.o
                0x08003414                _fini
 .fini          0x08003418        0x8 C:/ST/STM32CubeIDE_1.16.1/STM32CubeIDE/plugins/com.st.stm32cube.ide.mcu.externaltools.gnu-tools-for-stm32.12.3.rel1.win32_1.0.200.202406191623/tools/bin/../lib/gcc/arm-none-eabi/12.3.1/thumb/v7e-m/nofp/crtn.o
                0x08003420                        . = ALIGN (0x4)
                0x08003420                        _etext = .

.vfp11_veneer   0x08003420        0x0
 .vfp11_veneer  0x08003420        0x0 linker stubs

.v4_bx          0x08003420        0x0
 .v4_bx         0x08003420        0x0 linker stubs

.iplt           0x08003420        0x0
 .iplt          0x08003420        0x0 C:/ST/STM32CubeIDE_1.16.1/STM32CubeIDE/plugins/com.st.stm32cube.ide.mcu.externaltools.gnu-tools-for-stm32.12.3.rel1.win32_1.0.200.202406191623/tools/bin/../lib/gcc/arm-none-eabi/12.3.1/thumb/v7e-m/nofp/crtbegin.o

.rodata         0x08003420       0xd8
                0x08003420                        . = ALIGN (0x4)
 *(.rodata)
 .rodata        0x08003420        0x6 ./Application/User/main.o
 *fill*         0x08003426        0x2 
 .rodata        0x08003428       0x1c ./Drivers/STM32WLxx_HAL_Driver/stm32wlxx_hal_rcc.o
 *(.rodata*)
 .rodata.AHBPrescTable
                0x08003444       0x40 ./Drivers/CMSIS/system_stm32wlxx.o
                0x08003444                AHBPrescTable
 .rodata.MSIRangeTable
                0x08003484       0x40 ./Drivers/CMSIS/system_stm32wlxx.o
                0x08003484                MSIRangeTable
 .rodata._vfprintf_r.str1.1
                0x080034c4       0x11 C:/ST/STM32CubeIDE_1.16.1/STM32CubeIDE/plugins/com.st.stm32cube.ide.mcu.externaltools.gnu-tools-for-stm32.12.3.rel1.win32_1.0.200.202406191623/tools/bin/../lib/gcc/arm-none-eabi/12.3.1/../../../../arm-none-eabi/lib/thumb/v7e-m/nofp\libc_nano.a(libc_a-nano-vfprintf.o)
 .rodata._printf_i.str1.1
                0x080034d5       0x22 C:/ST/STM32CubeIDE_1.16.1/STM32CubeIDE/plugins/com.st.stm32cube.ide.mcu.externaltools.gnu-tools-for-stm32.12.3.rel1.win32_1.0.200.202406191623/tools/bin/../lib/gcc/arm-none-eabi/12.3.1/../../../../arm-none-eabi/lib/thumb/v7e-m/nofp\libc_nano.a(libc_a-nano-vfprintf_i.o)
                0x080034f8                        . = ALIGN (0x4)
 *fill*         0x080034f7        0x1 

.ARM.extab      0x080034f8        0x0
                0x080034f8                        . = ALIGN (0x4)
 *(.ARM.extab* .gnu.linkonce.armextab.*)
                0x080034f8                        . = ALIGN (0x4)

.ARM            0x080034f8        0x8
                0x080034f8                        . = ALIGN (0x4)
                0x080034f8                        __exidx_start = .
 *(.ARM.exidx*)
 .ARM.exidx     0x080034f8        0x8 C:/ST/STM32CubeIDE_1.16.1/STM32CubeIDE/plugins/com.st.stm32cube.ide.mcu.externaltools.gnu-tools-for-stm32.12.3.rel1.win32_1.0.200.202406191623/tools/bin/../lib/gcc/arm-none-eabi/12.3.1/../../../../arm-none-eabi/lib/thumb/v7e-m/nofp\libc_nano.a(libc_a-memchr.o)
                0x08003500                        __exidx_end = .
                0x08003500                        . = ALIGN (0x4)

.rel.dyn        0x08003500        0x0
 .rel.iplt      0x08003500        0x0 C:/ST/STM32CubeIDE_1.16.1/STM32CubeIDE/plugins/com.st.stm32cube.ide.mcu.externaltools.gnu-tools-for-stm32.12.3.rel1.win32_1.0.200.202406191623/tools/bin/../lib/gcc/arm-none-eabi/12.3.1/thumb/v7e-m/nofp/crtbegin.o

.preinit_array  0x08003500        0x0
                0x08003500                        . = ALIGN (0x4)
                0x08003500                        PROVIDE (__preinit_array_start = .)
 *(.preinit_array*)
                0x08003500                        PROVIDE (__preinit_array_end = .)
                0x08003500                        . = ALIGN (0x4)

.init_array     0x08003500        0x4
                0x08003500                        . = ALIGN (0x4)
                0x08003500                        PROVIDE (__init_array_start = .)
 *(SORT_BY_NAME(.init_array.*))
 *(.init_array*)
 .init_array    0x08003500        0x4 C:/ST/STM32CubeIDE_1.16.1/STM32CubeIDE/plugins/com.st.stm32cube.ide.mcu.externaltools.gnu-tools-for-stm32.12.3.rel1.win32_1.0.200.202406191623/tools/bin/../lib/gcc/arm-none-eabi/12.3.1/thumb/v7e-m/nofp/crtbegin.o
                0x08003504                        PROVIDE (__init_array_end = .)
                0x08003504                        . = ALIGN (0x4)

.fini_array     0x08003504        0x4
                0x08003504                        . = ALIGN (0x4)
                [!provide]                        PROVIDE (__fini_array_start = .)
 *(SORT_BY_NAME(.fini_array.*))
 *(.fini_array*)
 .fini_array    0x08003504        0x4 C:/ST/STM32CubeIDE_1.16.1/STM32CubeIDE/plugins/com.st.stm32cube.ide.mcu.externaltools.gnu-tools-for-stm32.12.3.rel1.win32_1.0.200.202406191623/tools/bin/../lib/gcc/arm-none-eabi/12.3.1/thumb/v7e-m/nofp/crtbegin.o
                [!provide]                        PROVIDE (__fini_array_end = .)
                0x08003508                        . = ALIGN (0x4)
                0x08003508                        _sidata = LOADADDR (.data)

.data           0x20000000       0xa4 load address 0x08003508
                0x20000000                        . = ALIGN (0x4)
                0x20000000                        _sdata = .
 *(.data)
 *(.data*)
 .data.RadioBufferAddr
                0x20000000        0x2 ./Application/User/main.o
                0x20000000                RadioBufferAddr
 *fill*         0x20000002        0x2 
 .data.RadioTxData
                0x20000004        0x5 ./Application/User/main.o
                0x20000004                RadioTxData
 *fill*         0x20000009        0x3 
 .data.RadioPacketType
                0x2000000c        0x1 ./Application/User/main.o
                0x2000000c                RadioPacketType
 *fill*         0x2000000d        0x3 
 .data.RadioPacketParams
                0x20000010        0x9 ./Application/User/main.o
                0x20000010                RadioPacketParams
 *fill*         0x20000019        0x3 
 .data.RadioSyncr
                0x2000001c        0x3 ./Application/User/main.o
                0x2000001c                RadioSyncr
 *fill*         0x2000001f        0x1 
 .data.RadioFrequency
                0x20000020        0x4 ./Application/User/main.o
                0x20000020                RadioFrequency
 .data.RadioPA  0x20000024        0x4 ./Application/User/main.o
                0x20000024                RadioPA
 .data.RadioTxPA
                0x20000028        0x2 ./Application/User/main.o
                0x20000028                RadioTxPA
 *fill*         0x2000002a        0x2 
 .data.LoRaMod  0x2000002c        0x4 ./Application/User/main.o
                0x2000002c                LoRaMod
 .data.RadioConfigIRQ
                0x20000030        0x8 ./Application/User/main.o
                0x20000030                RadioConfigIRQ
 .data.RadioClrIRQ
                0x20000038        0x2 ./Application/User/main.o
                0x20000038                RadioClrIRQ
 *fill*         0x2000003a        0x2 
 .data.SystemCoreClock
                0x2000003c        0x4 ./Drivers/CMSIS/system_stm32wlxx.o
                0x2000003c                SystemCoreClock
 .data.uwTickPrio
                0x20000040        0x4 ./Drivers/STM32WLxx_HAL_Driver/stm32wlxx_hal.o
                0x20000040                uwTickPrio
 .data.uwTickFreq
                0x20000044        0x1 ./Drivers/STM32WLxx_HAL_Driver/stm32wlxx_hal.o
                0x20000044                uwTickFreq
 *fill*         0x20000045        0x3 
 .data.__sglue  0x20000048        0xc C:/ST/STM32CubeIDE_1.16.1/STM32CubeIDE/plugins/com.st.stm32cube.ide.mcu.externaltools.gnu-tools-for-stm32.12.3.rel1.win32_1.0.200.202406191623/tools/bin/../lib/gcc/arm-none-eabi/12.3.1/../../../../arm-none-eabi/lib/thumb/v7e-m/nofp\libc_nano.a(libc_a-findfp.o)
                0x20000048                __sglue
 .data._impure_ptr
                0x20000054        0x4 C:/ST/STM32CubeIDE_1.16.1/STM32CubeIDE/plugins/com.st.stm32cube.ide.mcu.externaltools.gnu-tools-for-stm32.12.3.rel1.win32_1.0.200.202406191623/tools/bin/../lib/gcc/arm-none-eabi/12.3.1/../../../../arm-none-eabi/lib/thumb/v7e-m/nofp\libc_nano.a(libc_a-impure.o)
                0x20000054                _impure_ptr
 .data._impure_data
                0x20000058       0x4c C:/ST/STM32CubeIDE_1.16.1/STM32CubeIDE/plugins/com.st.stm32cube.ide.mcu.externaltools.gnu-tools-for-stm32.12.3.rel1.win32_1.0.200.202406191623/tools/bin/../lib/gcc/arm-none-eabi/12.3.1/../../../../arm-none-eabi/lib/thumb/v7e-m/nofp\libc_nano.a(libc_a-impure.o)
                0x20000058                _impure_data
                0x200000a4                        . = ALIGN (0x4)
                0x200000a4                        _edata = .

.igot.plt       0x200000a4        0x0 load address 0x080035ac
 .igot.plt      0x200000a4        0x0 C:/ST/STM32CubeIDE_1.16.1/STM32CubeIDE/plugins/com.st.stm32cube.ide.mcu.externaltools.gnu-tools-for-stm32.12.3.rel1.win32_1.0.200.202406191623/tools/bin/../lib/gcc/arm-none-eabi/12.3.1/thumb/v7e-m/nofp/crtbegin.o
                0x200000a4                        . = ALIGN (0x4)

.bss            0x200000a4      0x194 load address 0x080035ac
                0x200000a4                        _sbss = .
                0x200000a4                        __bss_start__ = _sbss
 *(.bss)
 .bss           0x200000a4       0x1c C:/ST/STM32CubeIDE_1.16.1/STM32CubeIDE/plugins/com.st.stm32cube.ide.mcu.externaltools.gnu-tools-for-stm32.12.3.rel1.win32_1.0.200.202406191623/tools/bin/../lib/gcc/arm-none-eabi/12.3.1/thumb/v7e-m/nofp/crtbegin.o
 *(.bss*)
 .bss.hsubghz   0x200000c0        0xc ./Application/User/main.o
                0x200000c0                hsubghz
 .bss.RadioRxData
                0x200000cc        0x5 ./Application/User/main.o
                0x200000cc                RadioRxData
 *fill*         0x200000d1        0x3 
 .bss.RadioGetIRQ
                0x200000d4        0x3 ./Application/User/main.o
                0x200000d4                RadioGetIRQ
 *fill*         0x200000d7        0x1 
 .bss.RadioGetData
                0x200000d8        0x2 ./Application/User/main.o
                0x200000d8                RadioGetData
 *fill*         0x200000da        0x2 
 .bss.RadioCmd  0x200000dc        0x3 ./Application/User/main.o
                0x200000dc                RadioCmd
 .bss.RadioResult
                0x200000df        0x1 ./Application/User/main.o
                0x200000df                RadioResult
 .bss.RadioMode
                0x200000e0        0x1 ./Application/User/main.o
                0x200000e0                RadioMode
 .bss.RadioStatus
                0x200000e1        0x1 ./Application/User/main.o
                0x200000e1                RadioStatus
 .bss.IRQStatus
                0x200000e2        0x1 ./Application/User/main.o
                0x200000e2                IRQStatus
 *fill*         0x200000e3        0x1 
 .bss.__sbrk_heap_end
                0x200000e4        0x4 ./Application/User/sysmem.o
 .bss.uwTick    0x200000e8        0x4 ./Drivers/STM32WLxx_HAL_Driver/stm32wlxx_hal.o
                0x200000e8                uwTick
 .bss.__sf      0x200000ec      0x138 C:/ST/STM32CubeIDE_1.16.1/STM32CubeIDE/plugins/com.st.stm32cube.ide.mcu.externaltools.gnu-tools-for-stm32.12.3.rel1.win32_1.0.200.202406191623/tools/bin/../lib/gcc/arm-none-eabi/12.3.1/../../../../arm-none-eabi/lib/thumb/v7e-m/nofp\libc_nano.a(libc_a-findfp.o)
                0x200000ec                __sf
 .bss.__stdio_exit_handler
                0x20000224        0x4 C:/ST/STM32CubeIDE_1.16.1/STM32CubeIDE/plugins/com.st.stm32cube.ide.mcu.externaltools.gnu-tools-for-stm32.12.3.rel1.win32_1.0.200.202406191623/tools/bin/../lib/gcc/arm-none-eabi/12.3.1/../../../../arm-none-eabi/lib/thumb/v7e-m/nofp\libc_nano.a(libc_a-findfp.o)
                0x20000224                __stdio_exit_handler
 .bss.errno     0x20000228        0x4 C:/ST/STM32CubeIDE_1.16.1/STM32CubeIDE/plugins/com.st.stm32cube.ide.mcu.externaltools.gnu-tools-for-stm32.12.3.rel1.win32_1.0.200.202406191623/tools/bin/../lib/gcc/arm-none-eabi/12.3.1/../../../../arm-none-eabi/lib/thumb/v7e-m/nofp\libc_nano.a(libc_a-reent.o)
                0x20000228                errno
 .bss.__lock___malloc_recursive_mutex
                0x2000022c        0x1 C:/ST/STM32CubeIDE_1.16.1/STM32CubeIDE/plugins/com.st.stm32cube.ide.mcu.externaltools.gnu-tools-for-stm32.12.3.rel1.win32_1.0.200.202406191623/tools/bin/../lib/gcc/arm-none-eabi/12.3.1/../../../../arm-none-eabi/lib/thumb/v7e-m/nofp\libc_nano.a(libc_a-lock.o)
                0x2000022c                __lock___malloc_recursive_mutex
 .bss.__lock___sfp_recursive_mutex
                0x2000022d        0x1 C:/ST/STM32CubeIDE_1.16.1/STM32CubeIDE/plugins/com.st.stm32cube.ide.mcu.externaltools.gnu-tools-for-stm32.12.3.rel1.win32_1.0.200.202406191623/tools/bin/../lib/gcc/arm-none-eabi/12.3.1/../../../../arm-none-eabi/lib/thumb/v7e-m/nofp\libc_nano.a(libc_a-lock.o)
                0x2000022d                __lock___sfp_recursive_mutex
 *fill*         0x2000022e        0x2 
 .bss.__malloc_sbrk_start
                0x20000230        0x4 C:/ST/STM32CubeIDE_1.16.1/STM32CubeIDE/plugins/com.st.stm32cube.ide.mcu.externaltools.gnu-tools-for-stm32.12.3.rel1.win32_1.0.200.202406191623/tools/bin/../lib/gcc/arm-none-eabi/12.3.1/../../../../arm-none-eabi/lib/thumb/v7e-m/nofp\libc_nano.a(libc_a-mallocr.o)
                0x20000230                __malloc_sbrk_start
 .bss.__malloc_free_list
                0x20000234        0x4 C:/ST/STM32CubeIDE_1.16.1/STM32CubeIDE/plugins/com.st.stm32cube.ide.mcu.externaltools.gnu-tools-for-stm32.12.3.rel1.win32_1.0.200.202406191623/tools/bin/../lib/gcc/arm-none-eabi/12.3.1/../../../../arm-none-eabi/lib/thumb/v7e-m/nofp\libc_nano.a(libc_a-mallocr.o)
                0x20000234                __malloc_free_list
 *(COMMON)
                0x20000238                        . = ALIGN (0x4)
                0x20000238                        _ebss = .
                0x20000238                        __bss_end__ = _ebss

._user_heap_stack
                0x20000238      0x600 load address 0x080035ac
                0x20000238                        . = ALIGN (0x8)
                [!provide]                        PROVIDE (end = .)
                0x20000238                        PROVIDE (_end = .)
                0x20000438                        . = (. + _Min_Heap_Size)
 *fill*         0x20000238      0x200 
                0x20000838                        . = (. + _Min_Stack_Size)
 *fill*         0x20000438      0x400 
                0x20000838                        . = ALIGN (0x8)

/DISCARD/
 libc.a(*)
 libm.a(*)
 libgcc.a(*)

.ARM.attributes
                0x00000000       0x2a
 *(.ARM.attributes)
 .ARM.attributes
                0x00000000       0x1e C:/ST/STM32CubeIDE_1.16.1/STM32CubeIDE/plugins/com.st.stm32cube.ide.mcu.externaltools.gnu-tools-for-stm32.12.3.rel1.win32_1.0.200.202406191623/tools/bin/../lib/gcc/arm-none-eabi/12.3.1/thumb/v7e-m/nofp/crti.o
 .ARM.attributes
                0x0000001e       0x2e C:/ST/STM32CubeIDE_1.16.1/STM32CubeIDE/plugins/com.st.stm32cube.ide.mcu.externaltools.gnu-tools-for-stm32.12.3.rel1.win32_1.0.200.202406191623/tools/bin/../lib/gcc/arm-none-eabi/12.3.1/thumb/v7e-m/nofp/crtbegin.o
 .ARM.attributes
                0x0000004c       0x21 ./Application/Startup/startup_stm32wl55jcix.o
 .ARM.attributes
                0x0000006d       0x2e ./Application/User/main.o
 .ARM.attributes
                0x0000009b       0x2e ./Application/User/stm32wlxx_hal_msp.o
 .ARM.attributes
                0x000000c9       0x2e ./Application/User/stm32wlxx_it.o
 .ARM.attributes
                0x000000f7       0x2e ./Application/User/syscalls.o
 .ARM.attributes
                0x00000125       0x2e ./Application/User/sysmem.o
 .ARM.attributes
                0x00000153       0x2e ./Drivers/CMSIS/system_stm32wlxx.o
 .ARM.attributes
                0x00000181       0x2e ./Drivers/STM32WLxx_HAL_Driver/stm32wlxx_hal.o
 .ARM.attributes
                0x000001af       0x2e ./Drivers/STM32WLxx_HAL_Driver/stm32wlxx_hal_cortex.o
 .ARM.attributes
                0x000001dd       0x2e ./Drivers/STM32WLxx_HAL_Driver/stm32wlxx_hal_pwr.o
 .ARM.attributes
                0x0000020b       0x2e ./Drivers/STM32WLxx_HAL_Driver/stm32wlxx_hal_pwr_ex.o
 .ARM.attributes
                0x00000239       0x2e ./Drivers/STM32WLxx_HAL_Driver/stm32wlxx_hal_rcc.o
 .ARM.attributes
                0x00000267       0x2e ./Drivers/STM32WLxx_HAL_Driver/stm32wlxx_hal_subghz.o
 .ARM.attributes
                0x00000295       0x2e C:/ST/STM32CubeIDE_1.16.1/STM32CubeIDE/plugins/com.st.stm32cube.ide.mcu.externaltools.gnu-tools-for-stm32.12.3.rel1.win32_1.0.200.202406191623/tools/bin/../lib/gcc/arm-none-eabi/12.3.1/../../../../arm-none-eabi/lib/thumb/v7e-m/nofp\libc_nano.a(libc_a-findfp.o)
 .ARM.attributes
                0x000002c3       0x2e C:/ST/STM32CubeIDE_1.16.1/STM32CubeIDE/plugins/com.st.stm32cube.ide.mcu.externaltools.gnu-tools-for-stm32.12.3.rel1.win32_1.0.200.202406191623/tools/bin/../lib/gcc/arm-none-eabi/12.3.1/../../../../arm-none-eabi/lib/thumb/v7e-m/nofp\libc_nano.a(libc_a-fwalk.o)
 .ARM.attributes
                0x000002f1       0x2e C:/ST/STM32CubeIDE_1.16.1/STM32CubeIDE/plugins/com.st.stm32cube.ide.mcu.externaltools.gnu-tools-for-stm32.12.3.rel1.win32_1.0.200.202406191623/tools/bin/../lib/gcc/arm-none-eabi/12.3.1/../../../../arm-none-eabi/lib/thumb/v7e-m/nofp\libc_nano.a(libc_a-printf.o)
 .ARM.attributes
                0x0000031f       0x2e C:/ST/STM32CubeIDE_1.16.1/STM32CubeIDE/plugins/com.st.stm32cube.ide.mcu.externaltools.gnu-tools-for-stm32.12.3.rel1.win32_1.0.200.202406191623/tools/bin/../lib/gcc/arm-none-eabi/12.3.1/../../../../arm-none-eabi/lib/thumb/v7e-m/nofp\libc_nano.a(libc_a-stdio.o)
 .ARM.attributes
                0x0000034d       0x2e C:/ST/STM32CubeIDE_1.16.1/STM32CubeIDE/plugins/com.st.stm32cube.ide.mcu.externaltools.gnu-tools-for-stm32.12.3.rel1.win32_1.0.200.202406191623/tools/bin/../lib/gcc/arm-none-eabi/12.3.1/../../../../arm-none-eabi/lib/thumb/v7e-m/nofp\libc_nano.a(libc_a-memset.o)
 .ARM.attributes
                0x0000037b       0x2e C:/ST/STM32CubeIDE_1.16.1/STM32CubeIDE/plugins/com.st.stm32cube.ide.mcu.externaltools.gnu-tools-for-stm32.12.3.rel1.win32_1.0.200.202406191623/tools/bin/../lib/gcc/arm-none-eabi/12.3.1/../../../../arm-none-eabi/lib/thumb/v7e-m/nofp\libc_nano.a(libc_a-closer.o)
 .ARM.attributes
                0x000003a9       0x2e C:/ST/STM32CubeIDE_1.16.1/STM32CubeIDE/plugins/com.st.stm32cube.ide.mcu.externaltools.gnu-tools-for-stm32.12.3.rel1.win32_1.0.200.202406191623/tools/bin/../lib/gcc/arm-none-eabi/12.3.1/../../../../arm-none-eabi/lib/thumb/v7e-m/nofp\libc_nano.a(libc_a-reent.o)
 .ARM.attributes
                0x000003d7       0x2e C:/ST/STM32CubeIDE_1.16.1/STM32CubeIDE/plugins/com.st.stm32cube.ide.mcu.externaltools.gnu-tools-for-stm32.12.3.rel1.win32_1.0.200.202406191623/tools/bin/../lib/gcc/arm-none-eabi/12.3.1/../../../../arm-none-eabi/lib/thumb/v7e-m/nofp\libc_nano.a(libc_a-impure.o)
 .ARM.attributes
                0x00000405       0x2e C:/ST/STM32CubeIDE_1.16.1/STM32CubeIDE/plugins/com.st.stm32cube.ide.mcu.externaltools.gnu-tools-for-stm32.12.3.rel1.win32_1.0.200.202406191623/tools/bin/../lib/gcc/arm-none-eabi/12.3.1/../../../../arm-none-eabi/lib/thumb/v7e-m/nofp\libc_nano.a(libc_a-lseekr.o)
 .ARM.attributes
                0x00000433       0x2e C:/ST/STM32CubeIDE_1.16.1/STM32CubeIDE/plugins/com.st.stm32cube.ide.mcu.externaltools.gnu-tools-for-stm32.12.3.rel1.win32_1.0.200.202406191623/tools/bin/../lib/gcc/arm-none-eabi/12.3.1/../../../../arm-none-eabi/lib/thumb/v7e-m/nofp\libc_nano.a(libc_a-readr.o)
 .ARM.attributes
                0x00000461       0x2e C:/ST/STM32CubeIDE_1.16.1/STM32CubeIDE/plugins/com.st.stm32cube.ide.mcu.externaltools.gnu-tools-for-stm32.12.3.rel1.win32_1.0.200.202406191623/tools/bin/../lib/gcc/arm-none-eabi/12.3.1/../../../../arm-none-eabi/lib/thumb/v7e-m/nofp\libc_nano.a(libc_a-writer.o)
 .ARM.attributes
                0x0000048f       0x2e C:/ST/STM32CubeIDE_1.16.1/STM32CubeIDE/plugins/com.st.stm32cube.ide.mcu.externaltools.gnu-tools-for-stm32.12.3.rel1.win32_1.0.200.202406191623/tools/bin/../lib/gcc/arm-none-eabi/12.3.1/../../../../arm-none-eabi/lib/thumb/v7e-m/nofp\libc_nano.a(libc_a-errno.o)
 .ARM.attributes
                0x000004bd       0x2e C:/ST/STM32CubeIDE_1.16.1/STM32CubeIDE/plugins/com.st.stm32cube.ide.mcu.externaltools.gnu-tools-for-stm32.12.3.rel1.win32_1.0.200.202406191623/tools/bin/../lib/gcc/arm-none-eabi/12.3.1/../../../../arm-none-eabi/lib/thumb/v7e-m/nofp\libc_nano.a(libc_a-init.o)
 .ARM.attributes
                0x000004eb       0x2e C:/ST/STM32CubeIDE_1.16.1/STM32CubeIDE/plugins/com.st.stm32cube.ide.mcu.externaltools.gnu-tools-for-stm32.12.3.rel1.win32_1.0.200.202406191623/tools/bin/../lib/gcc/arm-none-eabi/12.3.1/../../../../arm-none-eabi/lib/thumb/v7e-m/nofp\libc_nano.a(libc_a-lock.o)
 .ARM.attributes
                0x00000519       0x2e C:/ST/STM32CubeIDE_1.16.1/STM32CubeIDE/plugins/com.st.stm32cube.ide.mcu.externaltools.gnu-tools-for-stm32.12.3.rel1.win32_1.0.200.202406191623/tools/bin/../lib/gcc/arm-none-eabi/12.3.1/../../../../arm-none-eabi/lib/thumb/v7e-m/nofp\libc_nano.a(libc_a-freer.o)
 .ARM.attributes
                0x00000547       0x2e C:/ST/STM32CubeIDE_1.16.1/STM32CubeIDE/plugins/com.st.stm32cube.ide.mcu.externaltools.gnu-tools-for-stm32.12.3.rel1.win32_1.0.200.202406191623/tools/bin/../lib/gcc/arm-none-eabi/12.3.1/../../../../arm-none-eabi/lib/thumb/v7e-m/nofp\libc_nano.a(libc_a-mallocr.o)
 .ARM.attributes
                0x00000575       0x2e C:/ST/STM32CubeIDE_1.16.1/STM32CubeIDE/plugins/com.st.stm32cube.ide.mcu.externaltools.gnu-tools-for-stm32.12.3.rel1.win32_1.0.200.202406191623/tools/bin/../lib/gcc/arm-none-eabi/12.3.1/../../../../arm-none-eabi/lib/thumb/v7e-m/nofp\libc_nano.a(libc_a-mlock.o)
 .ARM.attributes
                0x000005a3       0x2e C:/ST/STM32CubeIDE_1.16.1/STM32CubeIDE/plugins/com.st.stm32cube.ide.mcu.externaltools.gnu-tools-for-stm32.12.3.rel1.win32_1.0.200.202406191623/tools/bin/../lib/gcc/arm-none-eabi/12.3.1/../../../../arm-none-eabi/lib/thumb/v7e-m/nofp\libc_nano.a(libc_a-nano-vfprintf.o)
 .ARM.attributes
                0x000005d1       0x2e C:/ST/STM32CubeIDE_1.16.1/STM32CubeIDE/plugins/com.st.stm32cube.ide.mcu.externaltools.gnu-tools-for-stm32.12.3.rel1.win32_1.0.200.202406191623/tools/bin/../lib/gcc/arm-none-eabi/12.3.1/../../../../arm-none-eabi/lib/thumb/v7e-m/nofp\libc_nano.a(libc_a-nano-vfprintf_i.o)
 .ARM.attributes
                0x000005ff       0x2e C:/ST/STM32CubeIDE_1.16.1/STM32CubeIDE/plugins/com.st.stm32cube.ide.mcu.externaltools.gnu-tools-for-stm32.12.3.rel1.win32_1.0.200.202406191623/tools/bin/../lib/gcc/arm-none-eabi/12.3.1/../../../../arm-none-eabi/lib/thumb/v7e-m/nofp\libc_nano.a(libc_a-fflush.o)
 .ARM.attributes
                0x0000062d       0x2e C:/ST/STM32CubeIDE_1.16.1/STM32CubeIDE/plugins/com.st.stm32cube.ide.mcu.externaltools.gnu-tools-for-stm32.12.3.rel1.win32_1.0.200.202406191623/tools/bin/../lib/gcc/arm-none-eabi/12.3.1/../../../../arm-none-eabi/lib/thumb/v7e-m/nofp\libc_nano.a(libc_a-wbuf.o)
 .ARM.attributes
                0x0000065b       0x2e C:/ST/STM32CubeIDE_1.16.1/STM32CubeIDE/plugins/com.st.stm32cube.ide.mcu.externaltools.gnu-tools-for-stm32.12.3.rel1.win32_1.0.200.202406191623/tools/bin/../lib/gcc/arm-none-eabi/12.3.1/../../../../arm-none-eabi/lib/thumb/v7e-m/nofp\libc_nano.a(libc_a-wsetup.o)
 .ARM.attributes
                0x00000689       0x2e C:/ST/STM32CubeIDE_1.16.1/STM32CubeIDE/plugins/com.st.stm32cube.ide.mcu.externaltools.gnu-tools-for-stm32.12.3.rel1.win32_1.0.200.202406191623/tools/bin/../lib/gcc/arm-none-eabi/12.3.1/../../../../arm-none-eabi/lib/thumb/v7e-m/nofp\libc_nano.a(libc_a-sbrkr.o)
 .ARM.attributes
                0x000006b7       0x1c C:/ST/STM32CubeIDE_1.16.1/STM32CubeIDE/plugins/com.st.stm32cube.ide.mcu.externaltools.gnu-tools-for-stm32.12.3.rel1.win32_1.0.200.202406191623/tools/bin/../lib/gcc/arm-none-eabi/12.3.1/../../../../arm-none-eabi/lib/thumb/v7e-m/nofp\libc_nano.a(libc_a-memchr.o)
 .ARM.attributes
                0x000006d3       0x2e C:/ST/STM32CubeIDE_1.16.1/STM32CubeIDE/plugins/com.st.stm32cube.ide.mcu.externaltools.gnu-tools-for-stm32.12.3.rel1.win32_1.0.200.202406191623/tools/bin/../lib/gcc/arm-none-eabi/12.3.1/../../../../arm-none-eabi/lib/thumb/v7e-m/nofp\libc_nano.a(libc_a-makebuf.o)
 .ARM.attributes
                0x00000701       0x2e C:/ST/STM32CubeIDE_1.16.1/STM32CubeIDE/plugins/com.st.stm32cube.ide.mcu.externaltools.gnu-tools-for-stm32.12.3.rel1.win32_1.0.200.202406191623/tools/bin/../lib/gcc/arm-none-eabi/12.3.1/../../../../arm-none-eabi/lib/thumb/v7e-m/nofp\libc_nano.a(libc_a-fstatr.o)
 .ARM.attributes
                0x0000072f       0x2e C:/ST/STM32CubeIDE_1.16.1/STM32CubeIDE/plugins/com.st.stm32cube.ide.mcu.externaltools.gnu-tools-for-stm32.12.3.rel1.win32_1.0.200.202406191623/tools/bin/../lib/gcc/arm-none-eabi/12.3.1/../../../../arm-none-eabi/lib/thumb/v7e-m/nofp\libc_nano.a(libc_a-isattyr.o)
 .ARM.attributes
                0x0000075d       0x1e C:/ST/STM32CubeIDE_1.16.1/STM32CubeIDE/plugins/com.st.stm32cube.ide.mcu.externaltools.gnu-tools-for-stm32.12.3.rel1.win32_1.0.200.202406191623/tools/bin/../lib/gcc/arm-none-eabi/12.3.1/thumb/v7e-m/nofp/crtn.o
OUTPUT(SUBGHZ_Tx_Mode.elf elf32-littlearm)
LOAD linker stubs
LOAD C:/ST/STM32CubeIDE_1.16.1/STM32CubeIDE/plugins/com.st.stm32cube.ide.mcu.externaltools.gnu-tools-for-stm32.12.3.rel1.win32_1.0.200.202406191623/tools/bin/../lib/gcc/arm-none-eabi/12.3.1/../../../../arm-none-eabi/lib/thumb/v7e-m/nofp\libc.a
LOAD C:/ST/STM32CubeIDE_1.16.1/STM32CubeIDE/plugins/com.st.stm32cube.ide.mcu.externaltools.gnu-tools-for-stm32.12.3.rel1.win32_1.0.200.202406191623/tools/bin/../lib/gcc/arm-none-eabi/12.3.1/../../../../arm-none-eabi/lib/thumb/v7e-m/nofp\libm.a
LOAD C:/ST/STM32CubeIDE_1.16.1/STM32CubeIDE/plugins/com.st.stm32cube.ide.mcu.externaltools.gnu-tools-for-stm32.12.3.rel1.win32_1.0.200.202406191623/tools/bin/../lib/gcc/arm-none-eabi/12.3.1/thumb/v7e-m/nofp\libgcc.a

.debug_line     0x00000000     0x989b
 .debug_line    0x00000000       0x7b ./Application/Startup/startup_stm32wl55jcix.o
 .debug_line    0x0000007b      0xd3e ./Application/User/main.o
 .debug_line    0x00000db9      0x9b7 ./Application/User/stm32wlxx_hal_msp.o
 .debug_line    0x00001770      0x995 ./Application/User/stm32wlxx_it.o
 .debug_line    0x00002105      0x8ba ./Application/User/syscalls.o
 .debug_line    0x000029bf      0x58b ./Application/User/sysmem.o
 .debug_line    0x00002f4a      0x8ed ./Drivers/CMSIS/system_stm32wlxx.o
 .debug_line    0x00003837      0xfab ./Drivers/STM32WLxx_HAL_Driver/stm32wlxx_hal.o
 .debug_line    0x000047e2      0xde4 ./Drivers/STM32WLxx_HAL_Driver/stm32wlxx_hal_cortex.o
 .debug_line    0x000055c6      0xaa1 ./Drivers/STM32WLxx_HAL_Driver/stm32wlxx_hal_pwr.o
 .debug_line    0x00006067      0xf53 ./Drivers/STM32WLxx_HAL_Driver/stm32wlxx_hal_pwr_ex.o
 .debug_line    0x00006fba     0x17d1 ./Drivers/STM32WLxx_HAL_Driver/stm32wlxx_hal_rcc.o
 .debug_line    0x0000878b     0x1110 ./Drivers/STM32WLxx_HAL_Driver/stm32wlxx_hal_subghz.o

.debug_line_str
                0x00000000       0xa8
 .debug_line_str
                0x00000000       0xa8 ./Application/Startup/startup_stm32wl55jcix.o

.debug_info     0x00000000     0x7b78
 .debug_info    0x00000000       0x30 ./Application/Startup/startup_stm32wl55jcix.o
 .debug_info    0x00000030      0xa16 ./Application/User/main.o
 .debug_info    0x00000a46      0x5c5 ./Application/User/stm32wlxx_hal_msp.o
 .debug_info    0x0000100b      0x157 ./Application/User/stm32wlxx_it.o
 .debug_info    0x00001162      0x6b0 ./Application/User/syscalls.o
 .debug_info    0x00001812      0x168 ./Application/User/sysmem.o
 .debug_info    0x0000197a      0x515 ./Drivers/CMSIS/system_stm32wlxx.o
 .debug_info    0x00001e8f     0x1165 ./Drivers/STM32WLxx_HAL_Driver/stm32wlxx_hal.o
 .debug_info    0x00002ff4      0xd39 ./Drivers/STM32WLxx_HAL_Driver/stm32wlxx_hal_cortex.o
 .debug_info    0x00003d2d      0x8e8 ./Drivers/STM32WLxx_HAL_Driver/stm32wlxx_hal_pwr.o
 .debug_info    0x00004615      0xde7 ./Drivers/STM32WLxx_HAL_Driver/stm32wlxx_hal_pwr_ex.o
 .debug_info    0x000053fc     0x13ef ./Drivers/STM32WLxx_HAL_Driver/stm32wlxx_hal_rcc.o
 .debug_info    0x000067eb     0x138d ./Drivers/STM32WLxx_HAL_Driver/stm32wlxx_hal_subghz.o

.debug_abbrev   0x00000000     0x1971
 .debug_abbrev  0x00000000       0x24 ./Application/Startup/startup_stm32wl55jcix.o
 .debug_abbrev  0x00000024      0x230 ./Application/User/main.o
 .debug_abbrev  0x00000254      0x1c4 ./Application/User/stm32wlxx_hal_msp.o
 .debug_abbrev  0x00000418       0xac ./Application/User/stm32wlxx_it.o
 .debug_abbrev  0x000004c4      0x1b6 ./Application/User/syscalls.o
 .debug_abbrev  0x0000067a       0xbc ./Application/User/sysmem.o
 .debug_abbrev  0x00000736      0x13e ./Drivers/CMSIS/system_stm32wlxx.o
 .debug_abbrev  0x00000874      0x344 ./Drivers/STM32WLxx_HAL_Driver/stm32wlxx_hal.o
 .debug_abbrev  0x00000bb8      0x2e8 ./Drivers/STM32WLxx_HAL_Driver/stm32wlxx_hal_cortex.o
 .debug_abbrev  0x00000ea0      0x209 ./Drivers/STM32WLxx_HAL_Driver/stm32wlxx_hal_pwr.o
 .debug_abbrev  0x000010a9      0x302 ./Drivers/STM32WLxx_HAL_Driver/stm32wlxx_hal_pwr_ex.o
 .debug_abbrev  0x000013ab      0x32d ./Drivers/STM32WLxx_HAL_Driver/stm32wlxx_hal_rcc.o
 .debug_abbrev  0x000016d8      0x299 ./Drivers/STM32WLxx_HAL_Driver/stm32wlxx_hal_subghz.o

.debug_aranges  0x00000000      0xbe8
 .debug_aranges
                0x00000000       0x28 ./Application/Startup/startup_stm32wl55jcix.o
 .debug_aranges
                0x00000028       0x50 ./Application/User/main.o
 .debug_aranges
                0x00000078       0x58 ./Application/User/stm32wlxx_hal_msp.o
 .debug_aranges
                0x000000d0       0x60 ./Application/User/stm32wlxx_it.o
 .debug_aranges
                0x00000130       0xa8 ./Application/User/syscalls.o
 .debug_aranges
                0x000001d8       0x20 ./Application/User/sysmem.o
 .debug_aranges
                0x000001f8       0x28 ./Drivers/CMSIS/system_stm32wlxx.o
 .debug_aranges
                0x00000220      0x240 ./Drivers/STM32WLxx_HAL_Driver/stm32wlxx_hal.o
 .debug_aranges
                0x00000460      0x128 ./Drivers/STM32WLxx_HAL_Driver/stm32wlxx_hal_cortex.o
 .debug_aranges
                0x00000588       0xc8 ./Drivers/STM32WLxx_HAL_Driver/stm32wlxx_hal_pwr.o
 .debug_aranges
                0x00000650      0x200 ./Drivers/STM32WLxx_HAL_Driver/stm32wlxx_hal_pwr_ex.o
 .debug_aranges
                0x00000850      0x230 ./Drivers/STM32WLxx_HAL_Driver/stm32wlxx_hal_rcc.o
 .debug_aranges
                0x00000a80      0x168 ./Drivers/STM32WLxx_HAL_Driver/stm32wlxx_hal_subghz.o

.debug_str      0x00000000    0xae554
 .debug_str     0x00000000       0xc4 ./Application/Startup/startup_stm32wl55jcix.o
 .debug_str     0x000000c4    0xa908f ./Application/User/main.o
                              0xa9683 (size before relaxing)
 .debug_str     0x000a9153      0x294 ./Application/User/stm32wlxx_hal_msp.o
                              0xa5a96 (size before relaxing)
 .debug_str     0x000a93e7      0x127 ./Application/User/stm32wlxx_it.o
                              0xa575f (size before relaxing)
 .debug_str     0x000a950e     0x20d5 ./Application/User/syscalls.o
                               0x98bd (size before relaxing)
 .debug_str     0x000ab5e3       0x73 ./Application/User/sysmem.o
                               0x60cb (size before relaxing)
 .debug_str     0x000ab656       0xfc ./Drivers/CMSIS/system_stm32wlxx.o
                              0xa4ea6 (size before relaxing)
 .debug_str     0x000ab752      0xcf8 ./Drivers/STM32WLxx_HAL_Driver/stm32wlxx_hal.o
                              0xa5c5d (size before relaxing)
 .debug_str     0x000ac44a      0x404 ./Drivers/STM32WLxx_HAL_Driver/stm32wlxx_hal_cortex.o
                              0xa5593 (size before relaxing)
 .debug_str     0x000ac84e      0x5b4 ./Drivers/STM32WLxx_HAL_Driver/stm32wlxx_hal_pwr.o
                              0xa52cd (size before relaxing)
 .debug_str     0x000ace02      0x6e7 ./Drivers/STM32WLxx_HAL_Driver/stm32wlxx_hal_pwr_ex.o
                              0xa562d (size before relaxing)
 .debug_str     0x000ad4e9      0xb0b ./Drivers/STM32WLxx_HAL_Driver/stm32wlxx_hal_rcc.o
                              0xa5c41 (size before relaxing)
 .debug_str     0x000adff4      0x560 ./Drivers/STM32WLxx_HAL_Driver/stm32wlxx_hal_subghz.o
                              0xa597a (size before relaxing)

.debug_rnglists
                0x00000000      0x8c9
 .debug_rnglists
                0x00000000       0x19 ./Application/Startup/startup_stm32wl55jcix.o
 .debug_rnglists
                0x00000019       0x3b ./Application/User/main.o
 .debug_rnglists
                0x00000054       0x3d ./Application/User/stm32wlxx_hal_msp.o
 .debug_rnglists
                0x00000091       0x43 ./Application/User/stm32wlxx_it.o
 .debug_rnglists
                0x000000d4       0x79 ./Application/User/syscalls.o
 .debug_rnglists
                0x0000014d       0x13 ./Application/User/sysmem.o
 .debug_rnglists
                0x00000160       0x1a ./Drivers/CMSIS/system_stm32wlxx.o
 .debug_rnglists
                0x0000017a      0x1ab ./Drivers/STM32WLxx_HAL_Driver/stm32wlxx_hal.o
 .debug_rnglists
                0x00000325       0xd9 ./Drivers/STM32WLxx_HAL_Driver/stm32wlxx_hal_cortex.o
 .debug_rnglists
                0x000003fe       0x91 ./Drivers/STM32WLxx_HAL_Driver/stm32wlxx_hal_pwr.o
 .debug_rnglists
                0x0000048f      0x180 ./Drivers/STM32WLxx_HAL_Driver/stm32wlxx_hal_pwr_ex.o
 .debug_rnglists
                0x0000060f      0x1a6 ./Drivers/STM32WLxx_HAL_Driver/stm32wlxx_hal_rcc.o
 .debug_rnglists
                0x000007b5      0x114 ./Drivers/STM32WLxx_HAL_Driver/stm32wlxx_hal_subghz.o

.debug_macro    0x00000000    0x1c56d
 .debug_macro   0x00000000      0x32b ./Application/User/main.o
 .debug_macro   0x0000032b      0xaae ./Application/User/main.o
 .debug_macro   0x00000dd9      0x11e ./Application/User/main.o
 .debug_macro   0x00000ef7       0x2e ./Application/User/main.o
 .debug_macro   0x00000f25       0x3a ./Application/User/main.o
 .debug_macro   0x00000f5f       0x22 ./Application/User/main.o
 .debug_macro   0x00000f81       0x8e ./Application/User/main.o
 .debug_macro   0x0000100f       0x51 ./Application/User/main.o
 .debug_macro   0x00001060      0x103 ./Application/User/main.o
 .debug_macro   0x00001163       0x6a ./Application/User/main.o
 .debug_macro   0x000011cd      0x1df ./Application/User/main.o
 .debug_macro   0x000013ac       0x1c ./Application/User/main.o
 .debug_macro   0x000013c8       0x22 ./Application/User/main.o
 .debug_macro   0x000013ea       0xfb ./Application/User/main.o
 .debug_macro   0x000014e5     0x1011 ./Application/User/main.o
 .debug_macro   0x000024f6      0x11f ./Application/User/main.o
 .debug_macro   0x00002615     0xf31a ./Application/User/main.o
 .debug_macro   0x0001192f       0x6d ./Application/User/main.o
 .debug_macro   0x0001199c     0x341d ./Application/User/main.o
 .debug_macro   0x00014db9      0x189 ./Application/User/main.o
 .debug_macro   0x00014f42       0x5c ./Application/User/main.o
 .debug_macro   0x00014f9e      0x416 ./Application/User/main.o
 .debug_macro   0x000153b4      0x29c ./Application/User/main.o
 .debug_macro   0x00015650      0x35a ./Application/User/main.o
 .debug_macro   0x000159aa      0x196 ./Application/User/main.o
 .debug_macro   0x00015b40       0x4a ./Application/User/main.o
 .debug_macro   0x00015b8a      0x236 ./Application/User/main.o
 .debug_macro   0x00015dc0      0x229 ./Application/User/main.o
 .debug_macro   0x00015fe9      0x3fa ./Application/User/main.o
 .debug_macro   0x000163e3       0x2e ./Application/User/main.o
 .debug_macro   0x00016411      0x107 ./Application/User/main.o
 .debug_macro   0x00016518      0x1ba ./Application/User/main.o
 .debug_macro   0x000166d2       0xe6 ./Application/User/main.o
 .debug_macro   0x000167b8      0x283 ./Application/User/main.o
 .debug_macro   0x00016a3b      0x133 ./Application/User/main.o
 .debug_macro   0x00016b6e      0x36f ./Application/User/main.o
 .debug_macro   0x00016edd      0x683 ./Application/User/main.o
 .debug_macro   0x00017560      0x20e ./Application/User/main.o
 .debug_macro   0x0001776e      0xfb4 ./Application/User/main.o
 .debug_macro   0x00018722      0x136 ./Application/User/main.o
 .debug_macro   0x00018858      0x2db ./Application/User/main.o
 .debug_macro   0x00018b33      0x288 ./Application/User/main.o
 .debug_macro   0x00018dbb       0xd6 ./Application/User/main.o
 .debug_macro   0x00018e91      0x45a ./Application/User/main.o
 .debug_macro   0x000192eb      0x3c0 ./Application/User/main.o
 .debug_macro   0x000196ab       0x52 ./Application/User/main.o
 .debug_macro   0x000196fd       0x1c ./Application/User/main.o
 .debug_macro   0x00019719      0x13f ./Application/User/main.o
 .debug_macro   0x00019858       0x61 ./Application/User/main.o
 .debug_macro   0x000198b9       0x24 ./Application/User/main.o
 .debug_macro   0x000198dd       0x43 ./Application/User/main.o
 .debug_macro   0x00019920       0x34 ./Application/User/main.o
 .debug_macro   0x00019954       0x16 ./Application/User/main.o
 .debug_macro   0x0001996a       0x35 ./Application/User/main.o
 .debug_macro   0x0001999f      0x369 ./Application/User/main.o
 .debug_macro   0x00019d08       0x10 ./Application/User/main.o
 .debug_macro   0x00019d18       0x16 ./Application/User/main.o
 .debug_macro   0x00019d2e       0x43 ./Application/User/main.o
 .debug_macro   0x00019d71       0x34 ./Application/User/main.o
 .debug_macro   0x00019da5       0x10 ./Application/User/main.o
 .debug_macro   0x00019db5       0x58 ./Application/User/main.o
 .debug_macro   0x00019e0d       0x8e ./Application/User/main.o
 .debug_macro   0x00019e9b       0x1c ./Application/User/main.o
 .debug_macro   0x00019eb7      0x177 ./Application/User/main.o
 .debug_macro   0x0001a02e       0x16 ./Application/User/main.o
 .debug_macro   0x0001a044       0x16 ./Application/User/main.o
 .debug_macro   0x0001a05a      0x146 ./Application/User/main.o
 .debug_macro   0x0001a1a0      0x235 ./Application/User/stm32wlxx_hal_msp.o
 .debug_macro   0x0001a3d5      0x23f ./Application/User/stm32wlxx_it.o
 .debug_macro   0x0001a614      0x274 ./Application/User/syscalls.o
 .debug_macro   0x0001a888       0x5b ./Application/User/syscalls.o
 .debug_macro   0x0001a8e3       0x94 ./Application/User/syscalls.o
 .debug_macro   0x0001a977       0x57 ./Application/User/syscalls.o
 .debug_macro   0x0001a9ce       0x10 ./Application/User/syscalls.o
 .debug_macro   0x0001a9de       0x10 ./Application/User/syscalls.o
 .debug_macro   0x0001a9ee       0x10 ./Application/User/syscalls.o
 .debug_macro   0x0001a9fe       0x10 ./Application/User/syscalls.o
 .debug_macro   0x0001aa0e       0x1c ./Application/User/syscalls.o
 .debug_macro   0x0001aa2a       0x52 ./Application/User/syscalls.o
 .debug_macro   0x0001aa7c       0x22 ./Application/User/syscalls.o
 .debug_macro   0x0001aa9e       0x10 ./Application/User/syscalls.o
 .debug_macro   0x0001aaae       0x52 ./Application/User/syscalls.o
 .debug_macro   0x0001ab00       0xcf ./Application/User/syscalls.o
 .debug_macro   0x0001abcf       0x1c ./Application/User/syscalls.o
 .debug_macro   0x0001abeb       0x3d ./Application/User/syscalls.o
 .debug_macro   0x0001ac28       0x35 ./Application/User/syscalls.o
 .debug_macro   0x0001ac5d      0x12c ./Application/User/syscalls.o
 .debug_macro   0x0001ad89       0x16 ./Application/User/syscalls.o
 .debug_macro   0x0001ad9f       0x16 ./Application/User/syscalls.o
 .debug_macro   0x0001adb5       0x29 ./Application/User/syscalls.o
 .debug_macro   0x0001adde       0x10 ./Application/User/syscalls.o
 .debug_macro   0x0001adee      0x242 ./Application/User/syscalls.o
 .debug_macro   0x0001b030       0x1c ./Application/User/syscalls.o
 .debug_macro   0x0001b04c       0x10 ./Application/User/syscalls.o
 .debug_macro   0x0001b05c      0x18a ./Application/User/syscalls.o
 .debug_macro   0x0001b1e6       0x16 ./Application/User/syscalls.o
 .debug_macro   0x0001b1fc       0xce ./Application/User/syscalls.o
 .debug_macro   0x0001b2ca       0xff ./Application/User/sysmem.o
 .debug_macro   0x0001b3c9      0x23c ./Application/User/sysmem.o
 .debug_macro   0x0001b605      0x20a ./Drivers/CMSIS/system_stm32wlxx.o
 .debug_macro   0x0001b80f      0x22e ./Drivers/STM32WLxx_HAL_Driver/stm32wlxx_hal.o
 .debug_macro   0x0001ba3d      0x20a ./Drivers/STM32WLxx_HAL_Driver/stm32wlxx_hal_cortex.o
 .debug_macro   0x0001bc47      0x264 ./Drivers/STM32WLxx_HAL_Driver/stm32wlxx_hal_pwr.o
 .debug_macro   0x0001beab      0x21c ./Drivers/STM32WLxx_HAL_Driver/stm32wlxx_hal_pwr_ex.o
 .debug_macro   0x0001c0c7      0x26a ./Drivers/STM32WLxx_HAL_Driver/stm32wlxx_hal_rcc.o
 .debug_macro   0x0001c331      0x23c ./Drivers/STM32WLxx_HAL_Driver/stm32wlxx_hal_subghz.o

.comment        0x00000000       0x43
 .comment       0x00000000       0x43 ./Application/User/main.o
                                 0x44 (size before relaxing)
 .comment       0x00000043       0x44 ./Application/User/stm32wlxx_hal_msp.o
 .comment       0x00000043       0x44 ./Application/User/stm32wlxx_it.o
 .comment       0x00000043       0x44 ./Application/User/syscalls.o
 .comment       0x00000043       0x44 ./Application/User/sysmem.o
 .comment       0x00000043       0x44 ./Drivers/CMSIS/system_stm32wlxx.o
 .comment       0x00000043       0x44 ./Drivers/STM32WLxx_HAL_Driver/stm32wlxx_hal.o
 .comment       0x00000043       0x44 ./Drivers/STM32WLxx_HAL_Driver/stm32wlxx_hal_cortex.o
 .comment       0x00000043       0x44 ./Drivers/STM32WLxx_HAL_Driver/stm32wlxx_hal_pwr.o
 .comment       0x00000043       0x44 ./Drivers/STM32WLxx_HAL_Driver/stm32wlxx_hal_pwr_ex.o
 .comment       0x00000043       0x44 ./Drivers/STM32WLxx_HAL_Driver/stm32wlxx_hal_rcc.o
 .comment       0x00000043       0x44 ./Drivers/STM32WLxx_HAL_Driver/stm32wlxx_hal_subghz.o

.debug_frame    0x00000000     0x371c
 .debug_frame   0x00000000       0xdc ./Application/User/main.o
 .debug_frame   0x000000dc      0x128 ./Application/User/stm32wlxx_hal_msp.o
 .debug_frame   0x00000204      0x10c ./Application/User/stm32wlxx_it.o
 .debug_frame   0x00000310      0x2ac ./Application/User/syscalls.o
 .debug_frame   0x000005bc       0x34 ./Application/User/sysmem.o
 .debug_frame   0x000005f0       0x58 ./Drivers/CMSIS/system_stm32wlxx.o
 .debug_frame   0x00000648      0x948 ./Drivers/STM32WLxx_HAL_Driver/stm32wlxx_hal.o
 .debug_frame   0x00000f90      0x4e8 ./Drivers/STM32WLxx_HAL_Driver/stm32wlxx_hal_cortex.o
 .debug_frame   0x00001478      0x31c ./Drivers/STM32WLxx_HAL_Driver/stm32wlxx_hal_pwr.o
 .debug_frame   0x00001794      0x894 ./Drivers/STM32WLxx_HAL_Driver/stm32wlxx_hal_pwr_ex.o
 .debug_frame   0x00002028      0x8fc ./Drivers/STM32WLxx_HAL_Driver/stm32wlxx_hal_rcc.o
 .debug_frame   0x00002924      0x624 ./Drivers/STM32WLxx_HAL_Driver/stm32wlxx_hal_subghz.o
 .debug_frame   0x00002f48      0x144 C:/ST/STM32CubeIDE_1.16.1/STM32CubeIDE/plugins/com.st.stm32cube.ide.mcu.externaltools.gnu-tools-for-stm32.12.3.rel1.win32_1.0.200.202406191623/tools/bin/../lib/gcc/arm-none-eabi/12.3.1/../../../../arm-none-eabi/lib/thumb/v7e-m/nofp\libc_nano.a(libc_a-findfp.o)
 .debug_frame   0x0000308c       0x34 C:/ST/STM32CubeIDE_1.16.1/STM32CubeIDE/plugins/com.st.stm32cube.ide.mcu.externaltools.gnu-tools-for-stm32.12.3.rel1.win32_1.0.200.202406191623/tools/bin/../lib/gcc/arm-none-eabi/12.3.1/../../../../arm-none-eabi/lib/thumb/v7e-m/nofp\libc_nano.a(libc_a-fwalk.o)
 .debug_frame   0x000030c0       0x6c C:/ST/STM32CubeIDE_1.16.1/STM32CubeIDE/plugins/com.st.stm32cube.ide.mcu.externaltools.gnu-tools-for-stm32.12.3.rel1.win32_1.0.200.202406191623/tools/bin/../lib/gcc/arm-none-eabi/12.3.1/../../../../arm-none-eabi/lib/thumb/v7e-m/nofp\libc_nano.a(libc_a-printf.o)
 .debug_frame   0x0000312c       0x88 C:/ST/STM32CubeIDE_1.16.1/STM32CubeIDE/plugins/com.st.stm32cube.ide.mcu.externaltools.gnu-tools-for-stm32.12.3.rel1.win32_1.0.200.202406191623/tools/bin/../lib/gcc/arm-none-eabi/12.3.1/../../../../arm-none-eabi/lib/thumb/v7e-m/nofp\libc_nano.a(libc_a-stdio.o)
 .debug_frame   0x000031b4       0x20 C:/ST/STM32CubeIDE_1.16.1/STM32CubeIDE/plugins/com.st.stm32cube.ide.mcu.externaltools.gnu-tools-for-stm32.12.3.rel1.win32_1.0.200.202406191623/tools/bin/../lib/gcc/arm-none-eabi/12.3.1/../../../../arm-none-eabi/lib/thumb/v7e-m/nofp\libc_nano.a(libc_a-memset.o)
 .debug_frame   0x000031d4       0x2c C:/ST/STM32CubeIDE_1.16.1/STM32CubeIDE/plugins/com.st.stm32cube.ide.mcu.externaltools.gnu-tools-for-stm32.12.3.rel1.win32_1.0.200.202406191623/tools/bin/../lib/gcc/arm-none-eabi/12.3.1/../../../../arm-none-eabi/lib/thumb/v7e-m/nofp\libc_nano.a(libc_a-closer.o)
 .debug_frame   0x00003200       0x38 C:/ST/STM32CubeIDE_1.16.1/STM32CubeIDE/plugins/com.st.stm32cube.ide.mcu.externaltools.gnu-tools-for-stm32.12.3.rel1.win32_1.0.200.202406191623/tools/bin/../lib/gcc/arm-none-eabi/12.3.1/../../../../arm-none-eabi/lib/thumb/v7e-m/nofp\libc_nano.a(libc_a-reent.o)
 .debug_frame   0x00003238       0x2c C:/ST/STM32CubeIDE_1.16.1/STM32CubeIDE/plugins/com.st.stm32cube.ide.mcu.externaltools.gnu-tools-for-stm32.12.3.rel1.win32_1.0.200.202406191623/tools/bin/../lib/gcc/arm-none-eabi/12.3.1/../../../../arm-none-eabi/lib/thumb/v7e-m/nofp\libc_nano.a(libc_a-lseekr.o)
 .debug_frame   0x00003264       0x2c C:/ST/STM32CubeIDE_1.16.1/STM32CubeIDE/plugins/com.st.stm32cube.ide.mcu.externaltools.gnu-tools-for-stm32.12.3.rel1.win32_1.0.200.202406191623/tools/bin/../lib/gcc/arm-none-eabi/12.3.1/../../../../arm-none-eabi/lib/thumb/v7e-m/nofp\libc_nano.a(libc_a-readr.o)
 .debug_frame   0x00003290       0x2c C:/ST/STM32CubeIDE_1.16.1/STM32CubeIDE/plugins/com.st.stm32cube.ide.mcu.externaltools.gnu-tools-for-stm32.12.3.rel1.win32_1.0.200.202406191623/tools/bin/../lib/gcc/arm-none-eabi/12.3.1/../../../../arm-none-eabi/lib/thumb/v7e-m/nofp\libc_nano.a(libc_a-writer.o)
 .debug_frame   0x000032bc       0x20 C:/ST/STM32CubeIDE_1.16.1/STM32CubeIDE/plugins/com.st.stm32cube.ide.mcu.externaltools.gnu-tools-for-stm32.12.3.rel1.win32_1.0.200.202406191623/tools/bin/../lib/gcc/arm-none-eabi/12.3.1/../../../../arm-none-eabi/lib/thumb/v7e-m/nofp\libc_nano.a(libc_a-errno.o)
 .debug_frame   0x000032dc       0x2c C:/ST/STM32CubeIDE_1.16.1/STM32CubeIDE/plugins/com.st.stm32cube.ide.mcu.externaltools.gnu-tools-for-stm32.12.3.rel1.win32_1.0.200.202406191623/tools/bin/../lib/gcc/arm-none-eabi/12.3.1/../../../../arm-none-eabi/lib/thumb/v7e-m/nofp\libc_nano.a(libc_a-init.o)
 .debug_frame   0x00003308       0xb0 C:/ST/STM32CubeIDE_1.16.1/STM32CubeIDE/plugins/com.st.stm32cube.ide.mcu.externaltools.gnu-tools-for-stm32.12.3.rel1.win32_1.0.200.202406191623/tools/bin/../lib/gcc/arm-none-eabi/12.3.1/../../../../arm-none-eabi/lib/thumb/v7e-m/nofp\libc_nano.a(libc_a-lock.o)
 .debug_frame   0x000033b8       0x38 C:/ST/STM32CubeIDE_1.16.1/STM32CubeIDE/plugins/com.st.stm32cube.ide.mcu.externaltools.gnu-tools-for-stm32.12.3.rel1.win32_1.0.200.202406191623/tools/bin/../lib/gcc/arm-none-eabi/12.3.1/../../../../arm-none-eabi/lib/thumb/v7e-m/nofp\libc_nano.a(libc_a-freer.o)
 .debug_frame   0x000033f0       0x50 C:/ST/STM32CubeIDE_1.16.1/STM32CubeIDE/plugins/com.st.stm32cube.ide.mcu.externaltools.gnu-tools-for-stm32.12.3.rel1.win32_1.0.200.202406191623/tools/bin/../lib/gcc/arm-none-eabi/12.3.1/../../../../arm-none-eabi/lib/thumb/v7e-m/nofp\libc_nano.a(libc_a-mallocr.o)
 .debug_frame   0x00003440       0x30 C:/ST/STM32CubeIDE_1.16.1/STM32CubeIDE/plugins/com.st.stm32cube.ide.mcu.externaltools.gnu-tools-for-stm32.12.3.rel1.win32_1.0.200.202406191623/tools/bin/../lib/gcc/arm-none-eabi/12.3.1/../../../../arm-none-eabi/lib/thumb/v7e-m/nofp\libc_nano.a(libc_a-mlock.o)
 .debug_frame   0x00003470       0xa8 C:/ST/STM32CubeIDE_1.16.1/STM32CubeIDE/plugins/com.st.stm32cube.ide.mcu.externaltools.gnu-tools-for-stm32.12.3.rel1.win32_1.0.200.202406191623/tools/bin/../lib/gcc/arm-none-eabi/12.3.1/../../../../arm-none-eabi/lib/thumb/v7e-m/nofp\libc_nano.a(libc_a-nano-vfprintf.o)
 .debug_frame   0x00003518       0x60 C:/ST/STM32CubeIDE_1.16.1/STM32CubeIDE/plugins/com.st.stm32cube.ide.mcu.externaltools.gnu-tools-for-stm32.12.3.rel1.win32_1.0.200.202406191623/tools/bin/../lib/gcc/arm-none-eabi/12.3.1/../../../../arm-none-eabi/lib/thumb/v7e-m/nofp\libc_nano.a(libc_a-nano-vfprintf_i.o)
 .debug_frame   0x00003578       0x5c C:/ST/STM32CubeIDE_1.16.1/STM32CubeIDE/plugins/com.st.stm32cube.ide.mcu.externaltools.gnu-tools-for-stm32.12.3.rel1.win32_1.0.200.202406191623/tools/bin/../lib/gcc/arm-none-eabi/12.3.1/../../../../arm-none-eabi/lib/thumb/v7e-m/nofp\libc_nano.a(libc_a-fflush.o)
 .debug_frame   0x000035d4       0x40 C:/ST/STM32CubeIDE_1.16.1/STM32CubeIDE/plugins/com.st.stm32cube.ide.mcu.externaltools.gnu-tools-for-stm32.12.3.rel1.win32_1.0.200.202406191623/tools/bin/../lib/gcc/arm-none-eabi/12.3.1/../../../../arm-none-eabi/lib/thumb/v7e-m/nofp\libc_nano.a(libc_a-wbuf.o)
 .debug_frame   0x00003614       0x2c C:/ST/STM32CubeIDE_1.16.1/STM32CubeIDE/plugins/com.st.stm32cube.ide.mcu.externaltools.gnu-tools-for-stm32.12.3.rel1.win32_1.0.200.202406191623/tools/bin/../lib/gcc/arm-none-eabi/12.3.1/../../../../arm-none-eabi/lib/thumb/v7e-m/nofp\libc_nano.a(libc_a-wsetup.o)
 .debug_frame   0x00003640       0x2c C:/ST/STM32CubeIDE_1.16.1/STM32CubeIDE/plugins/com.st.stm32cube.ide.mcu.externaltools.gnu-tools-for-stm32.12.3.rel1.win32_1.0.200.202406191623/tools/bin/../lib/gcc/arm-none-eabi/12.3.1/../../../../arm-none-eabi/lib/thumb/v7e-m/nofp\libc_nano.a(libc_a-sbrkr.o)
 .debug_frame   0x0000366c       0x58 C:/ST/STM32CubeIDE_1.16.1/STM32CubeIDE/plugins/com.st.stm32cube.ide.mcu.externaltools.gnu-tools-for-stm32.12.3.rel1.win32_1.0.200.202406191623/tools/bin/../lib/gcc/arm-none-eabi/12.3.1/../../../../arm-none-eabi/lib/thumb/v7e-m/nofp\libc_nano.a(libc_a-makebuf.o)
 .debug_frame   0x000036c4       0x2c C:/ST/STM32CubeIDE_1.16.1/STM32CubeIDE/plugins/com.st.stm32cube.ide.mcu.externaltools.gnu-tools-for-stm32.12.3.rel1.win32_1.0.200.202406191623/tools/bin/../lib/gcc/arm-none-eabi/12.3.1/../../../../arm-none-eabi/lib/thumb/v7e-m/nofp\libc_nano.a(libc_a-fstatr.o)
 .debug_frame   0x000036f0       0x2c C:/ST/STM32CubeIDE_1.16.1/STM32CubeIDE/plugins/com.st.stm32cube.ide.mcu.externaltools.gnu-tools-for-stm32.12.3.rel1.win32_1.0.200.202406191623/tools/bin/../lib/gcc/arm-none-eabi/12.3.1/../../../../arm-none-eabi/lib/thumb/v7e-m/nofp\libc_nano.a(libc_a-isattyr.o)