C:/Users/campc/Documents/GitHub/STM32CubeWL/Projects/NUCLEO-WL55JC/Examples/SUBGHZ/SUBGHZ_Tx_Mode/Src/main.c:93:5:main	5
C:/Users/campc/Documents/GitHub/STM32CubeWL/Projects/NUCLEO-WL55JC/Examples/SUBGHZ/SUBGHZ_Tx_Mode/Src/main.c:165:6:SystemClock_Config	3
C:/Users/campc/Documents/GitHub/STM32CubeWL/Projects/NUCLEO-WL55JC/Examples/SUBGHZ/SUBGHZ_Tx_Mode/Src/main.c:207:13:MX_SUBGHZ_Init	2
C:/Users/campc/Documents/GitHub/STM32CubeWL/Projects/NUCLEO-WL55JC/Examples/SUBGHZ/SUBGHZ_Tx_Mode/Src/main.c:236:6:Error_Handler	1
C:/Users/campc/Documents/GitHub/STM32CubeWL/Projects/NUCLEO-WL55JC/Examples/SUBGHZ/SUBGHZ_Tx_Mode/Src/main.c:248:6:InitTx	20
C:/Users/campc/Documents/GitHub/STM32CubeWL/Projects/NUCLEO-WL55JC/Examples/SUBGHZ/SUBGHZ_Tx_Mode/Src/main.c:326:6:InitRx	19
C:/Users/campc/Documents/GitHub/STM32CubeWL/Projects/NUCLEO-WL55JC/Examples/SUBGHZ/SUBGHZ_Tx_Mode/Src/main.c:385:6:InfiniteTx	14
