C:/Users/campc/Documents/GitHub/STM32CubeWL/Projects/NUCLEO-WL55JC/Examples/SUBGHZ/SUBGHZ_Tx_Mode/Src/main.c:93:5:main	4
C:/Users/campc/Documents/GitHub/STM32CubeWL/Projects/NUCLEO-WL55JC/Examples/SUBGHZ/SUBGHZ_Tx_Mode/Src/main.c:158:6:SystemClock_Config	3
C:/Users/campc/Documents/GitHub/STM32CubeWL/Projects/NUCLEO-WL55JC/Examples/SUBGHZ/SUBGHZ_Tx_Mode/Src/main.c:200:13:MX_SUBGHZ_Init	2
C:/Users/campc/Documents/GitHub/STM32CubeWL/Projects/NUCLEO-WL55JC/Examples/SUBGHZ/SUBGHZ_Tx_Mode/Src/main.c:229:6:Error_Handler	1
C:/Users/campc/Documents/GitHub/STM32CubeWL/Projects/NUCLEO-WL55JC/Examples/SUBGHZ/SUBGHZ_Tx_Mode/Src/main.c:241:6:InitTx	21
C:/Users/campc/Documents/GitHub/STM32CubeWL/Projects/NUCLEO-WL55JC/Examples/SUBGHZ/SUBGHZ_Tx_Mode/Src/main.c:322:6:InitRx	19
C:/Users/campc/Documents/GitHub/STM32CubeWL/Projects/NUCLEO-WL55JC/Examples/SUBGHZ/SUBGHZ_Tx_Mode/Src/main.c:381:6:InfiniteTx	14
