C:/Users/ttruong32/Documents/GitHub/STM32CubeWL/Projects/NUCLEO-WL55JC/Examples/SUBGHZ/SUBGHZ_Tx_Mode/Src/main.c:93:5:main	8	static
C:/Users/ttruong32/Documents/GitHub/STM32CubeWL/Projects/NUCLEO-WL55JC/Examples/SUBGHZ/SUBGHZ_Tx_Mode/Src/main.c:156:6:SystemClock_Config	112	static
C:/Users/ttruong32/Documents/GitHub/STM32CubeWL/Projects/NUCLEO-WL55JC/Examples/SUBGHZ/SUBGHZ_Tx_Mode/Src/main.c:198:13:MX_SUBGHZ_Init	8	static
C:/Users/ttruong32/Documents/GitHub/STM32CubeWL/Projects/NUCLEO-WL55JC/Examples/SUBGHZ/SUBGHZ_Tx_Mode/Src/main.c:227:6:Error_Handler	8	static
C:/Users/ttruong32/Documents/GitHub/STM32CubeWL/Projects/NUCLEO-WL55JC/Examples/SUBGHZ/SUBGHZ_Tx_Mode/Src/main.c:239:6:InitTx	8	static
C:/Users/ttruong32/Documents/GitHub/STM32CubeWL/Projects/NUCLEO-WL55JC/Examples/SUBGHZ/SUBGHZ_Tx_Mode/Src/main.c:317:6:InitRx	8	static
C:/Users/ttruong32/Documents/GitHub/STM32CubeWL/Projects/NUCLEO-WL55JC/Examples/SUBGHZ/SUBGHZ_Tx_Mode/Src/main.c:376:6:InfiniteTx	8	static
