C:/Users/campc/Documents/GitHub/STM32CubeWL/Projects/NUCLEO-WL55JC/Examples/SUBGHZ/SUBGHZ_Tx_Mode/Src/main.c:89:5:main	8	static
C:/Users/campc/Documents/GitHub/STM32CubeWL/Projects/NUCLEO-WL55JC/Examples/SUBGHZ/SUBGHZ_Tx_Mode/Src/main.c:268:6:SystemClock_Config	112	static
C:/Users/campc/Documents/GitHub/STM32CubeWL/Projects/NUCLEO-WL55JC/Examples/SUBGHZ/SUBGHZ_Tx_Mode/Src/main.c:310:13:MX_SUBGHZ_Init	8	static
C:/Users/campc/Documents/GitHub/STM32CubeWL/Projects/NUCLEO-WL55JC/Examples/SUBGHZ/SUBGHZ_Tx_Mode/Src/main.c:339:6:Error_Handler	8	static
